Component: ARM Compiler 5.06 update 6 (build 750) Tool: armlink [4d35ed]

==============================================================================

Section Cross References

    system_mimxrt1052.o(i.SystemCoreClockUpdate) refers to uldiv.o(.text) for __aeabi_uldivmod
    system_mimxrt1052.o(i.SystemCoreClockUpdate) refers to system_mimxrt1052.o(.data) for .data
    system_mimxrt1052.o(i.SystemInit) refers to system_mimxrt1052.o(i.SystemInitHook) for SystemInitHook
    startup_mimxrt1052.o(RESET) refers to startup_mimxrt1052.o(.text) for Reset_Handler
    startup_mimxrt1052.o(RESET) refers to bsp_systick.o(i.SysTick_Handler) for SysTick_Handler
    startup_mimxrt1052.o(RESET) refers to bsp_lcd.o(i.LCDIF_IRQHandler) for LCDIF_IRQHandler
    startup_mimxrt1052.o(.text) refers to startup_mimxrt1052.o(RESET) for __Vectors
    startup_mimxrt1052.o(.text) refers to system_mimxrt1052.o(i.SystemInit) for SystemInit
    startup_mimxrt1052.o(.text) refers to entry.o(.ARM.Collect$$$$00000000) for __main
    startup_mimxrt1052.o(.text) refers to fsl_lpuart.o(i.LPUART1_DriverIRQHandler) for LPUART1_DriverIRQHandler
    startup_mimxrt1052.o(.text) refers to fsl_lpuart.o(i.LPUART2_DriverIRQHandler) for LPUART2_DriverIRQHandler
    startup_mimxrt1052.o(.text) refers to fsl_lpuart.o(i.LPUART3_DriverIRQHandler) for LPUART3_DriverIRQHandler
    startup_mimxrt1052.o(.text) refers to fsl_lpuart.o(i.LPUART4_DriverIRQHandler) for LPUART4_DriverIRQHandler
    startup_mimxrt1052.o(.text) refers to fsl_lpuart.o(i.LPUART5_DriverIRQHandler) for LPUART5_DriverIRQHandler
    startup_mimxrt1052.o(.text) refers to fsl_lpuart.o(i.LPUART6_DriverIRQHandler) for LPUART6_DriverIRQHandler
    startup_mimxrt1052.o(.text) refers to fsl_lpuart.o(i.LPUART7_DriverIRQHandler) for LPUART7_DriverIRQHandler
    startup_mimxrt1052.o(.text) refers to fsl_lpuart.o(i.LPUART8_DriverIRQHandler) for LPUART8_DriverIRQHandler
    fsl_clock.o(i.CLOCK_EnableUsbhs0PhyPllClock) refers to fsl_clock.o(i.CLOCK_InitUsb1Pll) for CLOCK_InitUsb1Pll
    fsl_clock.o(i.CLOCK_EnableUsbhs1PhyPllClock) refers to fsl_clock.o(i.CLOCK_InitUsb2Pll) for CLOCK_InitUsb2Pll
    fsl_clock.o(i.CLOCK_GetFreq) refers to fsl_clock.o(i.CLOCK_GetPeriphClkFreq) for CLOCK_GetPeriphClkFreq
    fsl_clock.o(i.CLOCK_GetFreq) refers to fsl_clock.o(i.CLOCK_GetUsb1PfdFreq) for CLOCK_GetUsb1PfdFreq
    fsl_clock.o(i.CLOCK_GetFreq) refers to fsl_clock.o(i.CLOCK_GetSysPfdFreq) for CLOCK_GetSysPfdFreq
    fsl_clock.o(i.CLOCK_GetFreq) refers to fsl_clock.o(i.CLOCK_GetOscFreq) for CLOCK_GetOscFreq
    fsl_clock.o(i.CLOCK_GetFreq) refers to fsl_clock.o(i.CLOCK_GetPllFreq) for CLOCK_GetPllFreq
    fsl_clock.o(i.CLOCK_GetOscFreq) refers to fsl_clock.o(.data) for .data
    fsl_clock.o(i.CLOCK_GetPeriphClkFreq) refers to fsl_clock.o(i.CLOCK_GetPllFreq) for CLOCK_GetPllFreq
    fsl_clock.o(i.CLOCK_GetPeriphClkFreq) refers to fsl_clock.o(i.CLOCK_GetOscFreq) for CLOCK_GetOscFreq
    fsl_clock.o(i.CLOCK_GetPeriphClkFreq) refers to fsl_clock.o(i.CLOCK_GetSysPfdFreq) for CLOCK_GetSysPfdFreq
    fsl_clock.o(i.CLOCK_GetPllFreq) refers to fsl_clock.o(i.CLOCK_GetOscFreq) for CLOCK_GetOscFreq
    fsl_clock.o(i.CLOCK_GetPllFreq) refers to uldiv.o(.text) for __aeabi_uldivmod
    fsl_clock.o(i.CLOCK_GetPllFreq) refers to fsl_clock.o(.constdata) for .constdata
    fsl_clock.o(i.CLOCK_GetSysPfdFreq) refers to fsl_clock.o(i.CLOCK_GetPllFreq) for CLOCK_GetPllFreq
    fsl_clock.o(i.CLOCK_GetUsb1PfdFreq) refers to fsl_clock.o(i.CLOCK_GetPllFreq) for CLOCK_GetPllFreq
    fsl_gpio.o(i.GPIO_PinInit) refers to fsl_gpio.o(i.GPIO_PinWrite) for GPIO_PinWrite
    fsl_gpio.o(i.GPIO_PinInit) refers to fsl_gpio.o(i.GPIO_PinSetInterruptConfig) for GPIO_PinSetInterruptConfig
    fsl_gpio.o(i.GPIO_PinInit) refers to fsl_gpio.o(.constdata) for .constdata
    fsl_lpuart.o(i.LPUART1_DriverIRQHandler) refers to fsl_lpuart.o(.bss) for .bss
    fsl_lpuart.o(i.LPUART1_DriverIRQHandler) refers to fsl_lpuart.o(.data) for .data
    fsl_lpuart.o(i.LPUART2_DriverIRQHandler) refers to fsl_lpuart.o(.bss) for .bss
    fsl_lpuart.o(i.LPUART2_DriverIRQHandler) refers to fsl_lpuart.o(.data) for .data
    fsl_lpuart.o(i.LPUART3_DriverIRQHandler) refers to fsl_lpuart.o(.bss) for .bss
    fsl_lpuart.o(i.LPUART3_DriverIRQHandler) refers to fsl_lpuart.o(.data) for .data
    fsl_lpuart.o(i.LPUART4_DriverIRQHandler) refers to fsl_lpuart.o(.bss) for .bss
    fsl_lpuart.o(i.LPUART4_DriverIRQHandler) refers to fsl_lpuart.o(.data) for .data
    fsl_lpuart.o(i.LPUART5_DriverIRQHandler) refers to fsl_lpuart.o(.bss) for .bss
    fsl_lpuart.o(i.LPUART5_DriverIRQHandler) refers to fsl_lpuart.o(.data) for .data
    fsl_lpuart.o(i.LPUART6_DriverIRQHandler) refers to fsl_lpuart.o(.bss) for .bss
    fsl_lpuart.o(i.LPUART6_DriverIRQHandler) refers to fsl_lpuart.o(.data) for .data
    fsl_lpuart.o(i.LPUART7_DriverIRQHandler) refers to fsl_lpuart.o(.bss) for .bss
[...]
    ../clib/microlib/division.c              0x00000000   Number         0  ldiv.o ABSOLUTE
    ../clib/microlib/errno.c                 0x00000000   Number         0  errno.o ABSOLUTE
    ../clib/microlib/init/entry.s            0x00000000   Number         0  entry9a.o ABSOLUTE
    ../clib/microlib/init/entry.s            0x00000000   Number         0  entry8a.o ABSOLUTE
    ../clib/microlib/init/entry.s            0x00000000   Number         0  entry8b.o ABSOLUTE
    ../clib/microlib/init/entry.s            0x00000000   Number         0  entry9b.o ABSOLUTE
    ../clib/microlib/init/entry.s            0x00000000   Number         0  entry5.o ABSOLUTE
    ../clib/microlib/init/entry.s            0x00000000   Number         0  entry4.o ABSOLUTE
    ../clib/microlib/init/entry.s            0x00000000   Number         0  entry10a.o ABSOLUTE
    ../clib/microlib/init/entry.s            0x00000000   Number         0  entry11a.o ABSOLUTE
    ../clib/microlib/init/entry.s            0x00000000   Number         0  entry11b.o ABSOLUTE
    ../clib/microlib/init/entry.s            0x00000000   Number         0  entry7a.o ABSOLUTE
    ../clib/microlib/init/entry.s            0x00000000   Number         0  entry7b.o ABSOLUTE
    ../clib/microlib/init/entry.s            0x00000000   Number         0  entry.o ABSOLUTE
    ../clib/microlib/init/entry.s            0x00000000   Number         0  entry10b.o ABSOLUTE
    ../clib/microlib/longlong.c              0x00000000   Number         0  llsshr.o ABSOLUTE
    ../clib/microlib/longlong.c              0x00000000   Number         0  llushr.o ABSOLUTE
    ../clib/microlib/longlong.c              0x00000000   Number         0  llshl.o ABSOLUTE
    ../clib/microlib/malloc/malloc.c         0x00000000   Number         0  malloc2.o ABSOLUTE
    ../clib/microlib/malloc/malloc.c         0x00000000   Number         0  mallocr2.o ABSOLUTE
    ../clib/microlib/malloc/malloc.c         0x00000000   Number         0  malloca2.o ABSOLUTE
    ../clib/microlib/malloc/malloc.c         0x00000000   Number         0  mallocra2.o ABSOLUTE
    ../clib/microlib/malloc/mvars.c          0x00000000   Number         0  mvars.o ABSOLUTE
    ../clib/microlib/printf/printf.c         0x00000000   Number         0  printf3.o ABSOLUTE
    ../clib/microlib/printf/printf.c         0x00000000   Number         0  printf4.o ABSOLUTE
    ../clib/microlib/printf/printf.c         0x00000000   Number         0  printfa.o ABSOLUTE
    ../clib/microlib/printf/printf.c         0x00000000   Number         0  printf5.o ABSOLUTE
    ../clib/microlib/printf/printf.c         0x00000000   Number         0  printf6.o ABSOLUTE
    ../clib/microlib/printf/printf.c         0x00000000   Number         0  printf7.o ABSOLUTE
    ../clib/microlib/printf/printf.c         0x00000000   Number         0  printf0.o ABSOLUTE
    ../clib/microlib/printf/printf.c         0x00000000   Number         0  printf2.o ABSOLUTE
    ../clib/microlib/printf/printf.c         0x00000000   Number         0  printf1.o ABSOLUTE
    ../clib/microlib/printf/printf.c         0x00000000   Number         0  printfb.o ABSOLUTE
    ../clib/microlib/printf/printf.c         0x00000000   Number         0  printf8.o ABSOLUTE
    ../clib/microlib/printf/stubs.s          0x00000000   Number         0  stubs.o ABSOLUTE
    ../clib/microlib/stdio/fputc.c           0x00000000   Number         0  fputc.o ABSOLUTE
    ../clib/microlib/stdio/semi.s            0x00000000   Number         0  semi.o ABSOLUTE
    ../clib/microlib/stdio/streams.c         0x00000000   Number         0  stdout.o ABSOLUTE
    ../clib/microlib/stdlib/abort.c          0x00000000   Number         0  abort.o ABSOLUTE
    ../clib/microlib/string/memcpy.c         0x00000000   Number         0  memmoveb.o ABSOLUTE
    ../clib/microlib/string/memcpy.c         0x00000000   Number         0  memcpyb.o ABSOLUTE
    ../clib/microlib/string/memcpy.c         0x00000000   Number         0  memmovea.o ABSOLUTE
    ../clib/microlib/string/memcpy.c         0x00000000   Number         0  memcpya.o ABSOLUTE
    ../clib/microlib/string/memset.c         0x00000000   Number         0  memseta.o ABSOLUTE
    ../clib/microlib/string/strlen.c         0x00000000   Number         0  strlen.o ABSOLUTE
    ../clib/microlib/stubs.s                 0x00000000   Number         0  iusefp.o ABSOLUTE
    ../clib/microlib/stubs.s                 0x00000000   Number         0  iusesemip.o ABSOLUTE
    ../clib/scanf.c                          0x00000000   Number         0  scanf_fp.o ABSOLUTE
    ../clib/scanf.c                          0x00000000   Number         0  strtod.o ABSOLUTE
    ../clib/scanf.c                          0x00000000   Number         0  _sgetc.o ABSOLUTE
    ../fplib/microlib/d2f.c                  0x00000000   Number         0  d2f.o ABSOLUTE
    ../fplib/microlib/fpadd.c                0x00000000   Number         0  dadd.o ABSOLUTE
    ../fplib/microlib/fpdiv.c                0x00000000   Number         0  ddiv.o ABSOLUTE
    ../fplib/microlib/fpepilogue.c           0x00000000   Number         0  depilogue.o ABSOLUTE
    ../fplib/microlib/fpepilogue.c           0x00000000   Number         0  fepilogue.o ABSOLUTE
    ../fplib/microlib/fpfix.c                0x00000000   Number         0  dfixl.o ABSOLUTE
    ../fplib/microlib/fpfix.c                0x00000000   Number         0  dfixul.o ABSOLUTE
    ../fplib/microlib/fpflt.c                0x00000000   Number         0  dfltl.o ABSOLUTE
    ../fplib/microlib/fpflt.c                0x00000000   Number         0  dfltul.o ABSOLUTE
    ../fplib/microlib/fpmul.c                0x00000000   Number         0  dmul.o ABSOLUTE
    ../fplib/microlib/fpscalb.c              0x00000000   Number         0  dscalb.o ABSOLUTE
    ../mathlib/dunder.c                      0x00000000   Number         0  dunder.o ABSOLUTE
    ../mathlib/fabs.c                        0x00000000   Number         0  fabs.o ABSOLUTE
    ../mathlib/fpclassify.c                  0x00000000   Number         0  fpclassify.o ABSOLUTE
    ../mathlib/modf.c                        0x00000000   Number         0  modf.o ABSOLUTE
    ../mathlib/poly.c                        0x00000000   Number         0  poly.o ABSOLUTE
    ../mathlib/pow.c                         0x00000000   Number         0  pow.o ABSOLUTE
    ../mathlib/pow.c                         0x00000000   Number         0  pow_x.o ABSOLUTE
    ../mathlib/qnan.c                        0x00000000   Number         0  qnan.o ABSOLUTE
    ../mathlib/sqrt.c                        0x00000000   Number         0  sqrt_x.o ABSOLUTE
    ../mathlib/sqrt.c                        0x00000000   Number         0  sqrt.o ABSOLUTE
    ../mathlib/strtod.c                      0x00000000   Number         0  strtod.o ABSOLUTE
    ..\\libraries\\drivers\\fsl_clock.c      0x00000000   Number         0  fsl_clock.o ABSOLUTE
    ..\\libraries\\drivers\\fsl_common.c     0x00000000   Number         0  fsl_common.o ABSOLUTE
    ..\\libraries\\drivers\\fsl_elcdif.c     0x00000000   Number         0  fsl_elcdif.o ABSOLUTE
    ..\\libraries\\drivers\\fsl_gpio.c       0x00000000   Number         0  fsl_gpio.o ABSOLUTE
    ..\\libraries\\drivers\\fsl_lpuart.c     0x00000000   Number         0  fsl_lpuart.o ABSOLUTE
    ..\\libraries\\system_MIMXRT1052.c       0x00000000   Number         0  system_mimxrt1052.o ABSOLUTE
    ..\\libraries\\utilities\\fsl_assert.c   0x00000000   Number         0  fsl_assert.o ABSOLUTE
    ..\\libraries\\utilities\\fsl_debug_console.c 0x00000000   Number         0  fsl_debug_console.o ABSOLUTE
    ..\\libraries\\utilities\\fsl_notifier.c 0x00000000   Number         0  fsl_notifier.o ABSOLUTE
    ..\\libraries\\utilities\\fsl_shell.c    0x00000000   Number         0  fsl_shell.o ABSOLUTE
    ..\\libraries\\utilities\\io\\fsl_io.c   0x00000000   Number         0  fsl_io.o ABSOLUTE
    ..\\libraries\\utilities\\log\\fsl_log.c 0x00000000   Number         0  fsl_log.o ABSOLUTE
    ..\\libraries\\utilities\\str\\fsl_str.c 0x00000000   Number         0  fsl_str.o ABSOLUTE
    ..\\user\\board.c                        0x00000000   Number         0  board.o ABSOLUTE
    ..\\user\\bsp\\lcd\\bsp_lcd.c            0x00000000   Number         0  bsp_lcd.o ABSOLUTE
    ..\\user\\bsp\\lcd\\lcd_test.c           0x00000000   Number         0  lcd_test.o ABSOLUTE
    ..\\user\\bsp\\led\\bsp_led.c            0x00000000   Number         0  bsp_led.o ABSOLUTE
    ..\\user\\bsp\\systick\\bsp_systick.c    0x00000000   Number         0  bsp_systick.o ABSOLUTE
    ..\\user\\clock_config.c                 0x00000000   Number         0  clock_config.o ABSOLUTE
    ..\\user\\main.c                         0x00000000   Number         0  main.o ABSOLUTE
    ..\\user\\pin_mux.c                      0x00000000   Number         0  pin_mux.o ABSOLUTE
    ..\\user\\xip\\fire_imxrt1052_spiflash_config.c 0x00000000   Number         0  fire_imxrt1052_spiflash_config.o ABSOLUTE
    ..\\user\\xip\\fsl_flexspi_nor_boot.c    0x00000000   Number         0  fsl_flexspi_nor_boot.o ABSOLUTE
    ..\libraries\drivers\fsl_clock.c         0x00000000   Number         0  fsl_clock.o ABSOLUTE
    ..\libraries\drivers\fsl_common.c        0x00000000   Number         0  fsl_common.o ABSOLUTE
    ..\libraries\drivers\fsl_elcdif.c        0x00000000   Number         0  fsl_elcdif.o ABSOLUTE
    ..\libraries\drivers\fsl_gpio.c          0x00000000   Number         0  fsl_gpio.o ABSOLUTE
    ..\libraries\drivers\fsl_lpuart.c        0x00000000   Number         0  fsl_lpuart.o ABSOLUTE
    ..\libraries\system_MIMXRT1052.c         0x00000000   Number         0  system_mimxrt1052.o ABSOLUTE
    ..\libraries\utilities\fsl_assert.c      0x00000000   Number         0  fsl_assert.o ABSOLUTE
    ..\libraries\utilities\fsl_debug_console.c 0x00000000   Number         0  fsl_debug_console.o ABSOLUTE
    ..\libraries\utilities\fsl_notifier.c    0x00000000   Number         0  fsl_notifier.o ABSOLUTE
    ..\libraries\utilities\fsl_shell.c       0x00000000   Number         0  fsl_shell.o ABSOLUTE
    ..\libraries\utilities\io\fsl_io.c       0x00000000   Number         0  fsl_io.o ABSOLUTE
    ..\libraries\utilities\log\fsl_log.c     0x00000000   Number         0  fsl_log.o ABSOLUTE
    ..\libraries\utilities\str\fsl_str.c     0x00000000   Number         0  fsl_str.o ABSOLUTE
    ..\user\board.c                          0x00000000   Number         0  board.o ABSOLUTE
    ..\user\bsp\font\fonts.c                 0x00000000   Number         0  fonts.o ABSOLUTE
    ..\user\bsp\lcd\bsp_lcd.c                0x00000000   Number         0  bsp_lcd.o ABSOLUTE
    ..\user\bsp\lcd\lcd_test.c               0x00000000   Number         0  lcd_test.o ABSOLUTE
    ..\user\bsp\led\bsp_led.c                0x00000000   Number         0  bsp_led.o ABSOLUTE
    ..\user\bsp\systick\bsp_systick.c        0x00000000   Number         0  bsp_systick.o ABSOLUTE
    ..\user\clock_config.c                   0x00000000   Number         0  clock_config.o ABSOLUTE
    ..\user\main.c                           0x00000000   Number         0  main.o ABSOLUTE
    ..\user\pin_mux.c                        0x00000000   Number         0  pin_mux.o ABSOLUTE
    ..\user\xip\fire_imxrt1052_sdram_ini_dcd.c 0x00000000   Number         0  fire_imxrt1052_sdram_ini_dcd.o ABSOLUTE
    ..\user\xip\fire_imxrt1052_spiflash_config.c 0x00000000   Number         0  fire_imxrt1052_spiflash_config.o ABSOLUTE
    ..\user\xip\fsl_flexspi_nor_boot.c       0x00000000   Number         0  fsl_flexspi_nor_boot.o ABSOLUTE
    cdrcmple.s                               0x00000000   Number         0  cdrcmple.o ABSOLUTE
    dc.s                                     0x00000000   Number         0  dc.o ABSOLUTE
    handlers.s                               0x00000000   Number         0  handlers.o ABSOLUTE
    init.s                                   0x00000000   Number         0  init.o ABSOLUTE
    startup_MIMXRT1052.s                     0x00000000   Number         0  startup_mimxrt1052.o ABSOLUTE
    .data                                    0x20000000   Section        4  system_mimxrt1052.o(.data)
    .data                                    0x20000004   Section        4  fsl_clock.o(.data)
    .data                                    0x20000008   Section        4  fsl_clock.o(.data)
    .data                                    0x2000000c   Section        4  fsl_lpuart.o(.data)
    s_lpuartIsr                              0x2000000c   Data           4  fsl_lpuart.o(.data)
    .data                                    0x20000010   Section       40  fsl_elcdif.o(.data)
    .data                                    0x20000038   Section        8  fsl_io.o(.data)
    s_debugConsoleIO                         0x20000038   Data           8  fsl_io.o(.data)
    .data                                    0x20000040   Section       20  bsp_lcd.o(.data)
    CurrentTextColor                         0x20000042   Data           2  bsp_lcd.o(.data)
    CurrentBackColor                         0x20000044   Data           2  bsp_lcd.o(.data)
    LCD_Currentfonts                         0x2000004c   Data           4  bsp_lcd.o(.data)
    CurrentFrameBuffer                       0x20000050   Data           4  bsp_lcd.o(.data)
    .data                                    0x20000054   Section        8  fonts.o(.data)
    .data                                    0x2000005c   Section       12  bsp_systick.o(.data)
    TimingDelay                              0x20000064   Data           4  bsp_systick.o(.data)
    .data                                    0x20000068   Section        4  errno.o(.data)
    _errno                                   0x20000068   Data           4  errno.o(.data)
    .bss                                     0x2000006c   Section       36  fsl_lpuart.o(.bss)
    s_lpuartHandle                           0x2000006c   Data          36  fsl_lpuart.o(.bss)
    .boot_hdr.conf                           0x60000000   Section      512  fire_imxrt1052_spiflash_config.o(.boot_hdr.conf)
    .boot_hdr.ivt                            0x60001000   Section       32  fsl_flexspi_nor_boot.o(.boot_hdr.ivt)
    .boot_hdr.boot_data                      0x60001020   Section       16  fsl_flexspi_nor_boot.o(.boot_hdr.boot_data)
    .boot_hdr.dcd_data                       0x60001030   Section     1072  fire_imxrt1052_sdram_ini_dcd.o(.boot_hdr.dcd_data)
    RESET                                    0x60002000   Section     1024  startup_mimxrt1052.o(RESET)
    .ARM.Collect$$$$00000000                 0x60002400   Section        0  entry.o(.ARM.Collect$$$$00000000)
    .ARM.Collect$$$$00000003                 0x60002400   Section        4  entry4.o(.ARM.Collect$$$$00000003)
    .ARM.Collect$$$$00000004                 0x60002404   Section        4  entry5.o(.ARM.Collect$$$$00000004)
    .ARM.Collect$$$$00000008                 0x60002408   Section        0  entry7b.o(.ARM.Collect$$$$00000008)
    .ARM.Collect$$$$0000000A                 0x60002408   Section        0  entry8b.o(.ARM.Collect$$$$0000000A)
    .ARM.Collect$$$$0000000B                 0x60002408   Section        8  entry9a.o(.ARM.Collect$$$$0000000B)
    .ARM.Collect$$$$0000000D                 0x60002410   Section        0  entry10a.o(.ARM.Collect$$$$0000000D)
    .ARM.Collect$$$$0000000F                 0x60002410   Section        0  entry11a.o(.ARM.Collect$$$$0000000F)
    .ARM.Collect$$$$00002714                 0x60002410   Section        4  entry4.o(.ARM.Collect$$$$00002714)
    __lit__00000000                          0x60002410   Data           4  entry4.o(.ARM.Collect$$$$00002714)
    .text                                    0x60002414   Section      444  startup_mimxrt1052.o(.text)
    $v0                                      0x60002414   Number         0  startup_mimxrt1052.o(.text)
    .text                                    0x600025d0   Section        0  uldiv.o(.text)
    .text                                    0x60002632   Section        0  ldiv.o(.text)
    .text                                    0x60002694   Section        0  memmovea.o(.text)
    .text                                    0x600026d4   Section        0  memseta.o(.text)
    .text                                    0x600026f8   Section        0  strlen.o(.text)
    .text                                    0x60002706   Section        0  dfltl.o(.text)
    .text                                    0x6000272e   Section        0  dfixl.o(.text)
    .text                                    0x60002778   Section        0  llshl.o(.text)
    .text                                    0x60002796   Section        0  llushr.o(.text)
    .text                                    0x600027b6   Section        0  iusefp.o(.text)
    .text                                    0x600027b6   Section        0  depilogue.o(.text)
    .text                                    0x60002870   Section        0  dscalb.o(.text)
    .text                                    0x600028a0   Section       36  init.o(.text)
    i.BOARD_BootClockRUN                     0x600028c4   Section        0  clock_config.o(i.BOARD_BootClockRUN)
    i.BOARD_ConfigMPU                        0x60002b9c   Section        0  board.o(i.BOARD_ConfigMPU)
    i.BOARD_DebugConsoleSrcFreq              0x60002d50   Section        0  board.o(i.BOARD_DebugConsoleSrcFreq)
    i.BOARD_InitDebugConsole                 0x60002da8   Section        0  board.o(i.BOARD_InitDebugConsole)
    i.BOARD_InitPins                         0x60002dc4   Section        0  pin_mux.o(i.BOARD_InitPins)
    i.CLOCK_ControlGate                      0x60002e10   Section        0  fsl_lpuart.o(i.CLOCK_ControlGate)
    CLOCK_ControlGate                        0x60002e11   Thumb Code    38  fsl_lpuart.o(i.CLOCK_ControlGate)
    i.CLOCK_ControlGate                      0x60002e3c   Section        0  fsl_elcdif.o(i.CLOCK_ControlGate)
    CLOCK_ControlGate                        0x60002e3d   Thumb Code    38  fsl_elcdif.o(i.CLOCK_ControlGate)
    i.CLOCK_GetDiv                           0x60002e68   Section        0  board.o(i.CLOCK_GetDiv)
    CLOCK_GetDiv                             0x60002e69   Thumb Code    24  board.o(i.CLOCK_GetDiv)
    i.CLOCK_GetFreq                          0x60002e84   Section        0  fsl_clock.o(i.CLOCK_GetFreq)
    i.CLOCK_GetOscFreq                       0x60002f7c   Section        0  fsl_clock.o(i.CLOCK_GetOscFreq)
    CLOCK_GetOscFreq                         0x60002f7d   Thumb Code    20  fsl_clock.o(i.CLOCK_GetOscFreq)
    i.CLOCK_GetPeriphClkFreq                 0x60002f9c   Section        0  fsl_clock.o(i.CLOCK_GetPeriphClkFreq)
    CLOCK_GetPeriphClkFreq                   0x60002f9d   Thumb Code   126  fsl_clock.o(i.CLOCK_GetPeriphClkFreq)
    i.CLOCK_GetPllFreq                       0x60003028   Section        0  fsl_clock.o(i.CLOCK_GetPllFreq)
    i.CLOCK_GetSysPfdFreq                    0x600031b0   Section        0  fsl_clock.o(i.CLOCK_GetSysPfdFreq)
    i.CLOCK_GetUsb1PfdFreq                   0x60003208   Section        0  fsl_clock.o(i.CLOCK_GetUsb1PfdFreq)
    i.CLOCK_InitArmPll                       0x60003260   Section        0  fsl_clock.o(i.CLOCK_InitArmPll)
    i.CLOCK_InitSysPll                       0x6000327c   Section        0  fsl_clock.o(i.CLOCK_InitSysPll)
    i.CLOCK_InitVideoPll                     0x60003298   Section        0  fsl_clock.o(i.CLOCK_InitVideoPll)
    i.CLOCK_SetDiv                           0x6000330c   Section        0  clock_config.o(i.CLOCK_SetDiv)
    CLOCK_SetDiv                             0x6000330d   Thumb Code    70  clock_config.o(i.CLOCK_SetDiv)
    i.CLOCK_SetDiv                           0x60003358   Section        0  bsp_lcd.o(i.CLOCK_SetDiv)
    CLOCK_SetDiv                             0x60003359   Thumb Code    70  bsp_lcd.o(i.CLOCK_SetDiv)
    i.CLOCK_SetMux                           0x600033a4   Section        0  clock_config.o(i.CLOCK_SetMux)
    CLOCK_SetMux                             0x600033a5   Thumb Code    70  clock_config.o(i.CLOCK_SetMux)
    i.ConvertFloatRadixNumToString           0x600033f0   Section        0  fsl_str.o(i.ConvertFloatRadixNumToString)
    ConvertFloatRadixNumToString             0x600033f1   Thumb Code   344  fsl_str.o(i.ConvertFloatRadixNumToString)
    i.ConvertRadixNumToString                0x60003548   Section        0  fsl_str.o(i.ConvertRadixNumToString)
    ConvertRadixNumToString                  0x60003549   Thumb Code   210  fsl_str.o(i.ConvertRadixNumToString)
    i.DbgConsole_Init                        0x6000361a   Section        0  fsl_debug_console.o(i.DbgConsole_Init)
    i.DbgConsole_Printf                      0x60003630   Section        0  fsl_debug_console.o(i.DbgConsole_Printf)
    i.DbgConsole_RelocateLog                 0x6000365c   Section        0  fsl_debug_console.o(i.DbgConsole_RelocateLog)
    DbgConsole_RelocateLog                   0x6000365d   Thumb Code    56  fsl_debug_console.o(i.DbgConsole_RelocateLog)
    i.ELCDIF_GetInstance                     0x60003694   Section        0  fsl_elcdif.o(i.ELCDIF_GetInstance)
    ELCDIF_GetInstance                       0x60003695   Thumb Code    20  fsl_elcdif.o(i.ELCDIF_GetInstance)
    i.ELCDIF_Reset                           0x600036ac   Section        0  fsl_elcdif.o(i.ELCDIF_Reset)
    i.ELCDIF_RgbModeInit                     0x600036d8   Section        0  fsl_elcdif.o(i.ELCDIF_RgbModeInit)
    i.GPIO_PinInit                           0x600037a0   Section        0  fsl_gpio.o(i.GPIO_PinInit)
    i.GPIO_PinSetInterruptConfig             0x60003828   Section        0  fsl_gpio.o(i.GPIO_PinSetInterruptConfig)
    i.GPIO_PinWrite                          0x60003896   Section        0  fsl_gpio.o(i.GPIO_PinWrite)
    i.IOMUXC_SetPinMux                       0x600038b4   Section        0  pin_mux.o(i.IOMUXC_SetPinMux)
    IOMUXC_SetPinMux                         0x600038b5   Thumb Code    28  pin_mux.o(i.IOMUXC_SetPinMux)
    i.IOMUXC_SetPinMux                       0x600038d0   Section        0  bsp_led.o(i.IOMUXC_SetPinMux)
    IOMUXC_SetPinMux                         0x600038d1   Thumb Code    28  bsp_led.o(i.IOMUXC_SetPinMux)
    i.IOMUXC_SetPinMux                       0x600038ec   Section        0  bsp_lcd.o(i.IOMUXC_SetPinMux)
    IOMUXC_SetPinMux                         0x600038ed   Thumb Code    28  bsp_lcd.o(i.IOMUXC_SetPinMux)
    i.IO_Init                                0x60003908   Section        0  fsl_io.o(i.IO_Init)
    i.IO_Transfer                            0x60003950   Section        0  fsl_io.o(i.IO_Transfer)
    i.LCDIF_IRQHandler                       0x60003984   Section        0  bsp_lcd.o(i.LCDIF_IRQHandler)
    i.LCD_BackLight_ON                       0x600039b0   Section        0  bsp_lcd.o(i.LCD_BackLight_ON)
    i.LCD_Clear                              0x600039cc   Section        0  bsp_lcd.o(i.LCD_Clear)
    i.LCD_IOMUXC_MUX_Config                  0x600039fc   Section        0  bsp_lcd.o(i.LCD_IOMUXC_MUX_Config)
    LCD_IOMUXC_MUX_Config                    0x600039fd   Thumb Code   464  bsp_lcd.o(i.LCD_IOMUXC_MUX_Config)
    i.LCD_IOMUXC_PAD_Config                  0x60003bd4   Section        0  bsp_lcd.o(i.LCD_IOMUXC_PAD_Config)
    LCD_IOMUXC_PAD_Config                    0x60003bd5   Thumb Code    92  bsp_lcd.o(i.LCD_IOMUXC_PAD_Config)
    i.LCD_Init                               0x60003c34   Section        0  bsp_lcd.o(i.LCD_Init)
    i.LCD_InitClock                          0x60003c80   Section        0  bsp_lcd.o(i.LCD_InitClock)
    i.LCD_InterruptConfig                    0x60003cc0   Section        0  bsp_lcd.o(i.LCD_InterruptConfig)
    i.LED_GPIO_Config                        0x60003cdc   Section        0  bsp_led.o(i.LED_GPIO_Config)
    i.LOG_Init                               0x60003d88   Section        0  fsl_log.o(i.LOG_Init)
    i.LOG_Pop                                0x60003da4   Section        0  fsl_log.o(i.LOG_Pop)
    i.LOG_Push                               0x60003dba   Section        0  fsl_log.o(i.LOG_Push)
    i.LPUART1_DriverIRQHandler               0x60003dcc   Section        0  fsl_lpuart.o(i.LPUART1_DriverIRQHandler)
    i.LPUART2_DriverIRQHandler               0x60003de4   Section        0  fsl_lpuart.o(i.LPUART2_DriverIRQHandler)
    i.LPUART3_DriverIRQHandler               0x60003dfc   Section        0  fsl_lpuart.o(i.LPUART3_DriverIRQHandler)
    i.LPUART4_DriverIRQHandler               0x60003e14   Section        0  fsl_lpuart.o(i.LPUART4_DriverIRQHandler)
    i.LPUART5_DriverIRQHandler               0x60003e2c   Section        0  fsl_lpuart.o(i.LPUART5_DriverIRQHandler)
    i.LPUART6_DriverIRQHandler               0x60003e44   Section        0  fsl_lpuart.o(i.LPUART6_DriverIRQHandler)
    i.LPUART7_DriverIRQHandler               0x60003e5c   Section        0  fsl_lpuart.o(i.LPUART7_DriverIRQHandler)
    i.LPUART8_DriverIRQHandler               0x60003e74   Section        0  fsl_lpuart.o(i.LPUART8_DriverIRQHandler)
    i.LPUART_ClearStatusFlags                0x60003e8c   Section        0  fsl_lpuart.o(i.LPUART_ClearStatusFlags)
    i.LPUART_GetDefaultConfig                0x60003edc   Section        0  fsl_lpuart.o(i.LPUART_GetDefaultConfig)
    i.LPUART_GetInstance                     0x60003f0c   Section        0  fsl_lpuart.o(i.LPUART_GetInstance)
    i.LPUART_GetStatusFlags                  0x60003f34   Section        0  fsl_lpuart.o(i.LPUART_GetStatusFlags)
    i.LPUART_Init                            0x60003f44   Section        0  fsl_lpuart.o(i.LPUART_Init)
    i.LPUART_ReadBlocking                    0x600040f8   Section        0  fsl_lpuart.o(i.LPUART_ReadBlocking)
    i.LPUART_WriteBlocking                   0x60004190   Section        0  fsl_lpuart.o(i.LPUART_WriteBlocking)
    i.StrFormatPrintf                        0x600041ac   Section        0  fsl_str.o(i.StrFormatPrintf)
    i.SysTick_Config                         0x60004688   Section        0  bsp_systick.o(i.SysTick_Config)
    SysTick_Config                           0x60004689   Thumb Code    36  bsp_systick.o(i.SysTick_Config)
    i.SysTick_Handler                        0x600046b0   Section        0  bsp_systick.o(i.SysTick_Handler)
    i.SysTick_Init                           0x600046e4   Section        0  bsp_systick.o(i.SysTick_Init)
    i.SystemInit                             0x60004704   Section        0  system_mimxrt1052.o(i.SystemInit)
    i.SystemInitHook                         0x600047fc   Section        0  system_mimxrt1052.o(i.SystemInitHook)
    i.__ARM_fpclassify                       0x600047fe   Section        0  fpclassify.o(i.__ARM_fpclassify)
    i.__hardfp_modf                          0x60004830   Section        0  modf.o(i.__hardfp_modf)
    i.__hardfp_pow                           0x600048f0   Section        0  pow.o(i.__hardfp_pow)
    i.__kernel_poly                          0x600051e8   Section        0  poly.o(i.__kernel_poly)
    i.__mathlib_dbl_divzero                  0x60005258   Section        0  dunder.o(i.__mathlib_dbl_divzero)
    i.__mathlib_dbl_infnan2                  0x60005278   Section        0  dunder.o(i.__mathlib_dbl_infnan2)
    i.__mathlib_dbl_invalid                  0x60005280   Section        0  dunder.o(i.__mathlib_dbl_invalid)
    i.__mathlib_dbl_overflow                 0x60005298   Section        0  dunder.o(i.__mathlib_dbl_overflow)
    i.__mathlib_dbl_underflow                0x600052b0   Section        0  dunder.o(i.__mathlib_dbl_underflow)
    i.__scatterload_copy                     0x600052c8   Section       14  handlers.o(i.__scatterload_copy)
    i.__scatterload_null                     0x600052d6   Section        2  handlers.o(i.__scatterload_null)
    i.__scatterload_zeroinit                 0x600052d8   Section       14  handlers.o(i.__scatterload_zeroinit)
    i.__set_errno                            0x600052e8   Section        0  errno.o(i.__set_errno)
    i.fabs                                   0x600052f4   Section        0  fabs.o(i.fabs)
    i.main                                   0x6000530c   Section        0  main.o(i.main)
    i.sqrt                                   0x60005504   Section        0  sqrt.o(i.sqrt)
    .constdata                               0x60005570   Section       16  fsl_clock.o(.constdata)
    .constdata                               0x60005580   Section       36  fsl_gpio.o(.constdata)
    s_gpioBases                              0x60005580   Data          24  fsl_gpio.o(.constdata)
    s_gpioClock                              0x60005598   Data          12  fsl_gpio.o(.constdata)
    .constdata                               0x600055a4   Section       72  fsl_lpuart.o(.constdata)
    s_lpuartBases                            0x600055a4   Data          36  fsl_lpuart.o(.constdata)
    s_lpuartIRQ                              0x600055c8   Data          18  fsl_lpuart.o(.constdata)
    s_lpuartClock                            0x600055da   Data          18  fsl_lpuart.o(.constdata)
    .constdata                               0x600055ec   Section        8  fsl_elcdif.o(.constdata)
    s_elcdifApbClocks                        0x600055ec   Data           2  fsl_elcdif.o(.constdata)
    s_elcdifPixClocks                        0x600055ee   Data           2  fsl_elcdif.o(.constdata)
    s_elcdifBases                            0x600055f0   Data           4  fsl_elcdif.o(.constdata)
    .constdata                               0x600055f4   Section       16  clock_config.o(.constdata)
    .constdata                               0x60005604   Section       40  bsp_lcd.o(.constdata)
    .constdata                               0x6000562c   Section    13680  fonts.o(.constdata)
    .constdata                               0x60008ba0   Section      136  pow.o(.constdata)
    bp                                       0x60008ba0   Data          16  pow.o(.constdata)
    dp_h                                     0x60008bb0   Data          16  pow.o(.constdata)
    dp_l                                     0x60008bc0   Data          16  pow.o(.constdata)
    L                                        0x60008bd0   Data          48  pow.o(.constdata)
    P                                        0x60008c00   Data          40  pow.o(.constdata)
    .constdata                               0x60008c28   Section        8  qnan.o(.constdata)
    .ARM.__AT_0x81C00000                     0x81c00000   Section    1536000  bsp_lcd.o(.ARM.__AT_0x81C00000)

    Global Symbols

    Symbol Name                              Value     Ov Type        Size  Object(Section)

    BuildAttributes$$THM_ISAv4$E$P$D$K$B$S$7EM$VFPv5_D16$PE$PLD8$A:L22UL41UL21$X:L11$S22US41US21$IEEE1$IW$USESV6$~STKCKD$USESV7$~SHL$OTIME$ROPI$IEEEX$EBA8$MICROLIB$REQ8$PRES8$EABIv2 0x00000000   Number         0  anon$$obj.o ABSOLUTE
    __ARM_use_no_argv                        0x00000000   Number         0  main.o ABSOLUTE
    _printf_a                                0x00000000   Number         0  stubs.o ABSOLUTE
    _printf_c                                0x00000000   Number         0  stubs.o ABSOLUTE
    _printf_charcount                        0x00000000   Number         0  stubs.o ABSOLUTE
    _printf_d                                0x00000000   Number         0  stubs.o ABSOLUTE
    _printf_e                                0x00000000   Number         0  stubs.o ABSOLUTE
    _printf_f                                0x00000000   Number         0  stubs.o ABSOLUTE
    _printf_flags                            0x00000000   Number         0  stubs.o ABSOLUTE
    _printf_fp_dec                           0x00000000   Number         0  stubs.o ABSOLUTE
    _printf_fp_hex                           0x00000000   Number         0  stubs.o ABSOLUTE
    _printf_g                                0x00000000   Number         0  stubs.o ABSOLUTE
    _printf_i                                0x00000000   Number         0  stubs.o ABSOLUTE
    _printf_int_dec                          0x00000000   Number         0  stubs.o ABSOLUTE
    _printf_l                                0x00000000   Number         0  stubs.o ABSOLUTE
    _printf_lc                               0x00000000   Number         0  stubs.o ABSOLUTE
    _printf_ll                               0x00000000   Number         0  stubs.o ABSOLUTE
    _printf_lld                              0x00000000   Number         0  stubs.o ABSOLUTE
    _printf_lli                              0x00000000   Number         0  stubs.o ABSOLUTE
    _printf_llo                              0x00000000   Number         0  stubs.o ABSOLUTE
    _printf_llu                              0x00000000   Number         0  stubs.o ABSOLUTE
    _printf_llx                              0x00000000   Number         0  stubs.o ABSOLUTE
    _printf_longlong_dec                     0x00000000   Number         0  stubs.o ABSOLUTE
    _printf_longlong_hex                     0x00000000   Number         0  stubs.o ABSOLUTE
    _printf_longlong_oct                     0x00000000   Number         0  stubs.o ABSOLUTE
    _printf_ls                               0x00000000   Number         0  stubs.o ABSOLUTE
    _printf_mbtowc                           0x00000000   Number         0  stubs.o ABSOLUTE
    _printf_n                                0x00000000   Number         0  stubs.o ABSOLUTE
    _printf_o                                0x00000000   Number         0  stubs.o ABSOLUTE
    _printf_p                                0x00000000   Number         0  stubs.o ABSOLUTE
    _printf_percent                          0x00000000   Number         0  stubs.o ABSOLUTE
    _printf_pre_padding                      0x00000000   Number         0  stubs.o ABSOLUTE
    _printf_return_value                     0x00000000   Number         0  stubs.o ABSOLUTE
    _printf_s                                0x00000000   Number         0  stubs.o ABSOLUTE
    _printf_sizespec                         0x00000000   Number         0  stubs.o ABSOLUTE
    _printf_str                              0x00000000   Number         0  stubs.o ABSOLUTE
    _printf_truncate_signed                  0x00000000   Number         0  stubs.o ABSOLUTE
    _printf_truncate_unsigned                0x00000000   Number         0  stubs.o ABSOLUTE
    _printf_u                                0x00000000   Number         0  stubs.o ABSOLUTE
    _printf_wc                               0x00000000   Number         0  stubs.o ABSOLUTE
    _printf_wctomb                           0x00000000   Number         0  stubs.o ABSOLUTE
    _printf_widthprec                        0x00000000   Number         0  stubs.o ABSOLUTE
    _printf_x                                0x00000000   Number         0  stubs.o ABSOLUTE
    __cpp_initialize__aeabi_                  - Undefined Weak Reference
    __cxa_finalize                            - Undefined Weak Reference
    __decompress                              - Undefined Weak Reference
    _clock_init                               - Undefined Weak Reference
    _microlib_exit                            - Undefined Weak Reference
    __Vectors_Size                           0x00000400   Number         0  startup_mimxrt1052.o ABSOLUTE
    SystemCoreClock                          0x20000000   Data           4  system_mimxrt1052.o(.data)
    g_xtalFreq                               0x20000004   Data           4  fsl_clock.o(.data)
    g_rtcXtalFreq                            0x20000008   Data           4  fsl_clock.o(.data)
    s_pixelFormatReg                         0x20000010   Data          40  fsl_elcdif.o(.data)
    s_frameDone                              0x20000040   Data           1  bsp_lcd.o(.data)
    s_frame_count                            0x20000048   Data           4  bsp_lcd.o(.data)
    Font24x48                                0x20000054   Data           8  fonts.o(.data)
    s_frame_rate                             0x2000005c   Data           4  bsp_systick.o(.data)
    s_frame_task_count                       0x20000060   Data           4  bsp_systick.o(.data)
    Image$$ARM_LIB_HEAP$$ZI$$Base            0x20000090   Number         0  anon$$obj.o ABSOLUTE
    Image$$ARM_LIB_HEAP$$ZI$$Limit           0x20000490   Number         0  anon$$obj.o ABSOLUTE
    Image$$ARM_LIB_STACK$$ZI$$Limit          0x20020000   Number         0  anon$$obj.o ABSOLUTE
    Image$$RW_m_config_text$$Base            0x60000000   Number         0  anon$$obj.o ABSOLUTE
    spiflash_config                          0x60000000   Data         512  fire_imxrt1052_spiflash_config.o(.boot_hdr.conf)
    image_vector_table                       0x60001000   Data          32  fsl_flexspi_nor_boot.o(.boot_hdr.ivt)
    boot_data                                0x60001020   Data          16  fsl_flexspi_nor_boot.o(.boot_hdr.boot_data)
    dcd_data                                 0x60001030   Data        1072  fire_imxrt1052_sdram_ini_dcd.o(.boot_hdr.dcd_data)
    __Vectors                                0x60002000   Data           4  startup_mimxrt1052.o(RESET)
    __Vectors_End                            0x60002400   Data           0  startup_mimxrt1052.o(RESET)
    __main                                   0x60002401   Thumb Code     0  entry.o(.ARM.Collect$$$$00000000)
    _main_stk                                0x60002401   Thumb Code     0  entry4.o(.ARM.Collect$$$$00000003)
    _main_scatterload                        0x60002405   Thumb Code     0  entry5.o(.ARM.Collect$$$$00000004)
    __main_after_scatterload                 0x60002409   Thumb Code     0  entry5.o(.ARM.Collect$$$$00000004)
    _main_clock                              0x60002409   Thumb Code     0  entry7b.o(.ARM.Collect$$$$00000008)
    _main_cpp_init                           0x60002409   Thumb Code     0  entry8b.o(.ARM.Collect$$$$0000000A)
    _main_init                               0x60002409   Thumb Code     0  entry9a.o(.ARM.Collect$$$$0000000B)
    __rt_final_cpp                           0x60002411   Thumb Code     0  entry10a.o(.ARM.Collect$$$$0000000D)
    __rt_final_exit                          0x60002411   Thumb Code     0  entry11a.o(.ARM.Collect$$$$0000000F)
    Reset_Handler                            0x60002415   Thumb Code    24  startup_mimxrt1052.o(.text)
    NMI_Handler                              0x6000242d   Thumb Code     2  startup_mimxrt1052.o(.text)
    HardFault_Handler                        0x6000242f   Thumb Code     2  startup_mimxrt1052.o(.text)
    MemManage_Handler                        0x60002431   Thumb Code     2  startup_mimxrt1052.o(.text)
    BusFault_Handler                         0x60002433   Thumb Code     2  startup_mimxrt1052.o(.text)
    UsageFault_Handler                       0x60002435   Thumb Code     2  startup_mimxrt1052.o(.text)
    SVC_Handler                              0x60002437   Thumb Code     2  startup_mimxrt1052.o(.text)
    DebugMon_Handler                         0x60002439   Thumb Code     2  startup_mimxrt1052.o(.text)
    PendSV_Handler                           0x6000243b   Thumb Code     2  startup_mimxrt1052.o(.text)
    DMA0_DMA16_IRQHandler                    0x6000243f   Thumb Code     4  startup_mimxrt1052.o(.text)
    DMA1_DMA17_IRQHandler                    0x60002443   Thumb Code     4  startup_mimxrt1052.o(.text)
    DMA2_DMA18_IRQHandler                    0x60002447   Thumb Code     4  startup_mimxrt1052.o(.text)
    DMA3_DMA19_IRQHandler                    0x6000244b   Thumb Code     4  startup_mimxrt1052.o(.text)
    DMA4_DMA20_IRQHandler                    0x6000244f   Thumb Code     4  startup_mimxrt1052.o(.text)
    DMA5_DMA21_IRQHandler                    0x60002453   Thumb Code     4  startup_mimxrt1052.o(.text)
    DMA6_DMA22_IRQHandler                    0x60002457   Thumb Code     4  startup_mimxrt1052.o(.text)
    DMA7_DMA23_IRQHandler                    0x6000245b   Thumb Code     4  startup_mimxrt1052.o(.text)
    DMA8_DMA24_IRQHandler                    0x6000245f   Thumb Code     4  startup_mimxrt1052.o(.text)
    DMA9_DMA25_IRQHandler                    0x60002463   Thumb Code     4  startup_mimxrt1052.o(.text)
    DMA10_DMA26_IRQHandler                   0x60002467   Thumb Code     4  startup_mimxrt1052.o(.text)
    DMA11_DMA27_IRQHandler                   0x6000246b   Thumb Code     4  startup_mimxrt1052.o(.text)
    DMA12_DMA28_IRQHandler                   0x6000246f   Thumb Code     4  startup_mimxrt1052.o(.text)
    DMA13_DMA29_IRQHandler                   0x60002473   Thumb Code     4  startup_mimxrt1052.o(.text)
    DMA14_DMA30_IRQHandler                   0x60002477   Thumb Code     4  startup_mimxrt1052.o(.text)
    DMA15_DMA31_IRQHandler                   0x6000247b   Thumb Code     4  startup_mimxrt1052.o(.text)
    DMA_ERROR_IRQHandler                     0x6000247f   Thumb Code     4  startup_mimxrt1052.o(.text)
    LPUART1_IRQHandler                       0x60002483   Thumb Code     4  startup_mimxrt1052.o(.text)
    LPUART2_IRQHandler                       0x60002487   Thumb Code     4  startup_mimxrt1052.o(.text)
    LPUART3_IRQHandler                       0x6000248b   Thumb Code     4  startup_mimxrt1052.o(.text)
    LPUART4_IRQHandler                       0x6000248f   Thumb Code     4  startup_mimxrt1052.o(.text)
    LPUART5_IRQHandler                       0x60002493   Thumb Code     4  startup_mimxrt1052.o(.text)
    LPUART6_IRQHandler                       0x60002497   Thumb Code     4  startup_mimxrt1052.o(.text)
    LPUART7_IRQHandler                       0x6000249b   Thumb Code     4  startup_mimxrt1052.o(.text)
    LPUART8_IRQHandler                       0x6000249f   Thumb Code     4  startup_mimxrt1052.o(.text)
    LPI2C1_IRQHandler                        0x600024a3   Thumb Code     4  startup_mimxrt1052.o(.text)
    LPI2C2_IRQHandler                        0x600024a7   Thumb Code     4  startup_mimxrt1052.o(.text)
    LPI2C3_IRQHandler                        0x600024ab   Thumb Code     4  startup_mimxrt1052.o(.text)
    LPI2C4_IRQHandler                        0x600024af   Thumb Code     4  startup_mimxrt1052.o(.text)
    LPSPI1_IRQHandler                        0x600024b3   Thumb Code     4  startup_mimxrt1052.o(.text)
    LPSPI2_IRQHandler                        0x600024b7   Thumb Code     4  startup_mimxrt1052.o(.text)
    LPSPI3_IRQHandler                        0x600024bb   Thumb Code     4  startup_mimxrt1052.o(.text)
    LPSPI4_IRQHandler                        0x600024bf   Thumb Code     4  startup_mimxrt1052.o(.text)
    CAN1_IRQHandler                          0x600024c3   Thumb Code     4  startup_mimxrt1052.o(.text)
    CAN2_IRQHandler                          0x600024c7   Thumb Code     4  startup_mimxrt1052.o(.text)
    SAI1_IRQHandler                          0x600024cb   Thumb Code     4  startup_mimxrt1052.o(.text)
    SAI2_IRQHandler                          0x600024cf   Thumb Code     4  startup_mimxrt1052.o(.text)
    SAI3_RX_IRQHandler                       0x600024d3   Thumb Code     4  startup_mimxrt1052.o(.text)
    SAI3_TX_IRQHandler                       0x600024d7   Thumb Code     4  startup_mimxrt1052.o(.text)
    SPDIF_IRQHandler                         0x600024db   Thumb Code     4  startup_mimxrt1052.o(.text)
    FLEXIO1_IRQHandler                       0x600024df   Thumb Code     4  startup_mimxrt1052.o(.text)
    FLEXIO2_IRQHandler                       0x600024e3   Thumb Code     4  startup_mimxrt1052.o(.text)
    FLEXSPI_IRQHandler                       0x600024e7   Thumb Code     4  startup_mimxrt1052.o(.text)
    USDHC1_IRQHandler                        0x600024eb   Thumb Code     4  startup_mimxrt1052.o(.text)
    USDHC2_IRQHandler                        0x600024ef   Thumb Code     4  startup_mimxrt1052.o(.text)
    ENET_IRQHandler                          0x600024f3   Thumb Code     4  startup_mimxrt1052.o(.text)
    ENET_1588_Timer_IRQHandler               0x600024f7   Thumb Code     4  startup_mimxrt1052.o(.text)
    ACMP1_IRQHandler                         0x600024fb   Thumb Code     0  startup_mimxrt1052.o(.text)
    ACMP2_IRQHandler                         0x600024fb   Thumb Code     0  startup_mimxrt1052.o(.text)
    ACMP3_IRQHandler                         0x600024fb   Thumb Code     0  startup_mimxrt1052.o(.text)
    ACMP4_IRQHandler                         0x600024fb   Thumb Code     0  startup_mimxrt1052.o(.text)
    ADC1_IRQHandler                          0x600024fb   Thumb Code     0  startup_mimxrt1052.o(.text)
    ADC2_IRQHandler                          0x600024fb   Thumb Code     0  startup_mimxrt1052.o(.text)
    ADC_ETC_ERROR_IRQ_IRQHandler             0x600024fb   Thumb Code     0  startup_mimxrt1052.o(.text)
    ADC_ETC_IRQ0_IRQHandler                  0x600024fb   Thumb Code     0  startup_mimxrt1052.o(.text)
    ADC_ETC_IRQ1_IRQHandler                  0x600024fb   Thumb Code     0  startup_mimxrt1052.o(.text)
    ADC_ETC_IRQ2_IRQHandler                  0x600024fb   Thumb Code     0  startup_mimxrt1052.o(.text)
    ANATOP_EVENT0_IRQHandler                 0x600024fb   Thumb Code     0  startup_mimxrt1052.o(.text)
    ANATOP_EVENT1_IRQHandler                 0x600024fb   Thumb Code     0  startup_mimxrt1052.o(.text)
    ANATOP_TAMP_LOW_HIGH_IRQHandler          0x600024fb   Thumb Code     0  startup_mimxrt1052.o(.text)
    ANATOP_TEMP_PANIC_IRQHandler             0x600024fb   Thumb Code     0  startup_mimxrt1052.o(.text)
    BEE_IRQHandler                           0x600024fb   Thumb Code     0  startup_mimxrt1052.o(.text)
    CAN1_DriverIRQHandler                    0x600024fb   Thumb Code     0  startup_mimxrt1052.o(.text)
    CAN2_DriverIRQHandler                    0x600024fb   Thumb Code     0  startup_mimxrt1052.o(.text)
    CCM_1_IRQHandler                         0x600024fb   Thumb Code     0  startup_mimxrt1052.o(.text)
    CCM_2_IRQHandler                         0x600024fb   Thumb Code     0  startup_mimxrt1052.o(.text)
    CORE_IRQHandler                          0x600024fb   Thumb Code     0  startup_mimxrt1052.o(.text)
    CSI_IRQHandler                           0x600024fb   Thumb Code     0  startup_mimxrt1052.o(.text)
    CSU_IRQHandler                           0x600024fb   Thumb Code     0  startup_mimxrt1052.o(.text)
    CTI0_ERROR_IRQHandler                    0x600024fb   Thumb Code     0  startup_mimxrt1052.o(.text)
    CTI1_ERROR_IRQHandler                    0x600024fb   Thumb Code     0  startup_mimxrt1052.o(.text)
    DCDC_IRQHandler                          0x600024fb   Thumb Code     0  startup_mimxrt1052.o(.text)
    DCP_IRQHandler                           0x600024fb   Thumb Code     0  startup_mimxrt1052.o(.text)
    DCP_VMI_IRQHandler                       0x600024fb   Thumb Code     0  startup_mimxrt1052.o(.text)
    DMA0_DMA16_DriverIRQHandler              0x600024fb   Thumb Code     0  startup_mimxrt1052.o(.text)
    DMA10_DMA26_DriverIRQHandler             0x600024fb   Thumb Code     0  startup_mimxrt1052.o(.text)
    DMA11_DMA27_DriverIRQHandler             0x600024fb   Thumb Code     0  startup_mimxrt1052.o(.text)
    DMA12_DMA28_DriverIRQHandler             0x600024fb   Thumb Code     0  startup_mimxrt1052.o(.text)
    DMA13_DMA29_DriverIRQHandler             0x600024fb   Thumb Code     0  startup_mimxrt1052.o(.text)
    DMA14_DMA30_DriverIRQHandler             0x600024fb   Thumb Code     0  startup_mimxrt1052.o(.text)
    DMA15_DMA31_DriverIRQHandler             0x600024fb   Thumb Code     0  startup_mimxrt1052.o(.text)
    DMA1_DMA17_DriverIRQHandler              0x600024fb   Thumb Code     0  startup_mimxrt1052.o(.text)
    DMA2_DMA18_DriverIRQHandler              0x600024fb   Thumb Code     0  startup_mimxrt1052.o(.text)
    DMA3_DMA19_DriverIRQHandler              0x600024fb   Thumb Code     0  startup_mimxrt1052.o(.text)
    DMA4_DMA20_DriverIRQHandler              0x600024fb   Thumb Code     0  startup_mimxrt1052.o(.text)
    DMA5_DMA21_DriverIRQHandler              0x600024fb   Thumb Code     0  startup_mimxrt1052.o(.text)
    DMA6_DMA22_DriverIRQHandler              0x600024fb   Thumb Code     0  startup_mimxrt1052.o(.text)
    DMA7_DMA23_DriverIRQHandler              0x600024fb   Thumb Code     0  startup_mimxrt1052.o(.text)
    DMA8_DMA24_DriverIRQHandler              0x600024fb   Thumb Code     0  startup_mimxrt1052.o(.text)
    DMA9_DMA25_DriverIRQHandler              0x600024fb   Thumb Code     0  startup_mimxrt1052.o(.text)
    DMA_ERROR_DriverIRQHandler               0x600024fb   Thumb Code     0  startup_mimxrt1052.o(.text)
    DefaultISR                               0x600024fb   Thumb Code     0  startup_mimxrt1052.o(.text)
    ENC1_IRQHandler                          0x600024fb   Thumb Code     0  startup_mimxrt1052.o(.text)
    ENC2_IRQHandler                          0x600024fb   Thumb Code     0  startup_mimxrt1052.o(.text)
    ENC3_IRQHandler                          0x600024fb   Thumb Code     0  startup_mimxrt1052.o(.text)
    ENC4_IRQHandler                          0x600024fb   Thumb Code     0  startup_mimxrt1052.o(.text)
    ENET_1588_Timer_DriverIRQHandler         0x600024fb   Thumb Code     0  startup_mimxrt1052.o(.text)
    ENET_DriverIRQHandler                    0x600024fb   Thumb Code     0  startup_mimxrt1052.o(.text)
    EWM_IRQHandler                           0x600024fb   Thumb Code     0  startup_mimxrt1052.o(.text)
    FLEXIO1_DriverIRQHandler                 0x600024fb   Thumb Code     0  startup_mimxrt1052.o(.text)
    FLEXIO2_DriverIRQHandler                 0x600024fb   Thumb Code     0  startup_mimxrt1052.o(.text)
    FLEXRAM_IRQHandler                       0x600024fb   Thumb Code     0  startup_mimxrt1052.o(.text)
    FLEXSPI_DriverIRQHandler                 0x600024fb   Thumb Code     0  startup_mimxrt1052.o(.text)
    GPC_IRQHandler                           0x600024fb   Thumb Code     0  startup_mimxrt1052.o(.text)
    GPIO1_Combined_0_15_IRQHandler           0x600024fb   Thumb Code     0  startup_mimxrt1052.o(.text)
    GPIO1_Combined_16_31_IRQHandler          0x600024fb   Thumb Code     0  startup_mimxrt1052.o(.text)
    GPIO1_INT0_IRQHandler                    0x600024fb   Thumb Code     0  startup_mimxrt1052.o(.text)
    GPIO1_INT1_IRQHandler                    0x600024fb   Thumb Code     0  startup_mimxrt1052.o(.text)
    GPIO1_INT2_IRQHandler                    0x600024fb   Thumb Code     0  startup_mimxrt1052.o(.text)
    GPIO1_INT3_IRQHandler                    0x600024fb   Thumb Code     0  startup_mimxrt1052.o(.text)
    GPIO1_INT4_IRQHandler                    0x600024fb   Thumb Code     0  startup_mimxrt1052.o(.text)
    GPIO1_INT5_IRQHandler                    0x600024fb   Thumb Code     0  startup_mimxrt1052.o(.text)
    GPIO1_INT6_IRQHandler                    0x600024fb   Thumb Code     0  startup_mimxrt1052.o(.text)
    GPIO1_INT7_IRQHandler                    0x600024fb   Thumb Code     0  startup_mimxrt1052.o(.text)
    GPIO2_Combined_0_15_IRQHandler           0x600024fb   Thumb Code     0  startup_mimxrt1052.o(.text)
    GPIO2_Combined_16_31_IRQHandler          0x600024fb   Thumb Code     0  startup_mimxrt1052.o(.text)
    GPIO3_Combined_0_15_IRQHandler           0x600024fb   Thumb Code     0  startup_mimxrt1052.o(.text)
    GPIO3_Combined_16_31_IRQHandler          0x600024fb   Thumb Code     0  startup_mimxrt1052.o(.text)
    GPIO4_Combined_0_15_IRQHandler           0x600024fb   Thumb Code     0  startup_mimxrt1052.o(.text)
    GPIO4_Combined_16_31_IRQHandler          0x600024fb   Thumb Code     0  startup_mimxrt1052.o(.text)
    GPIO5_Combined_0_15_IRQHandler           0x600024fb   Thumb Code     0  startup_mimxrt1052.o(.text)
    GPIO5_Combined_16_31_IRQHandler          0x600024fb   Thumb Code     0  startup_mimxrt1052.o(.text)
    GPR_IRQ_IRQHandler                       0x600024fb   Thumb Code     0  startup_mimxrt1052.o(.text)
    GPT1_IRQHandler                          0x600024fb   Thumb Code     0  startup_mimxrt1052.o(.text)
    GPT2_IRQHandler                          0x600024fb   Thumb Code     0  startup_mimxrt1052.o(.text)
    KPP_IRQHandler                           0x600024fb   Thumb Code     0  startup_mimxrt1052.o(.text)
    LPI2C1_DriverIRQHandler                  0x600024fb   Thumb Code     0  startup_mimxrt1052.o(.text)
    LPI2C2_DriverIRQHandler                  0x600024fb   Thumb Code     0  startup_mimxrt1052.o(.text)
    LPI2C3_DriverIRQHandler                  0x600024fb   Thumb Code     0  startup_mimxrt1052.o(.text)
    LPI2C4_DriverIRQHandler                  0x600024fb   Thumb Code     0  startup_mimxrt1052.o(.text)
    LPSPI1_DriverIRQHandler                  0x600024fb   Thumb Code     0  startup_mimxrt1052.o(.text)
    LPSPI2_DriverIRQHandler                  0x600024fb   Thumb Code     0  startup_mimxrt1052.o(.text)
    LPSPI3_DriverIRQHandler                  0x600024fb   Thumb Code     0  startup_mimxrt1052.o(.text)
    LPSPI4_DriverIRQHandler                  0x600024fb   Thumb Code     0  startup_mimxrt1052.o(.text)
    NMI_WAKEUP_IRQHandler                    0x600024fb   Thumb Code     0  startup_mimxrt1052.o(.text)
    PIT_IRQHandler                           0x600024fb   Thumb Code     0  startup_mimxrt1052.o(.text)
    PWM1_0_IRQHandler                        0x600024fb   Thumb Code     0  startup_mimxrt1052.o(.text)
    PWM1_1_IRQHandler                        0x600024fb   Thumb Code     0  startup_mimxrt1052.o(.text)
    PWM1_2_IRQHandler                        0x600024fb   Thumb Code     0  startup_mimxrt1052.o(.text)
    PWM1_3_IRQHandler                        0x600024fb   Thumb Code     0  startup_mimxrt1052.o(.text)
    PWM1_FAULT_IRQHandler                    0x600024fb   Thumb Code     0  startup_mimxrt1052.o(.text)
    PWM2_0_IRQHandler                        0x600024fb   Thumb Code     0  startup_mimxrt1052.o(.text)
    PWM2_1_IRQHandler                        0x600024fb   Thumb Code     0  startup_mimxrt1052.o(.text)
    PWM2_2_IRQHandler                        0x600024fb   Thumb Code     0  startup_mimxrt1052.o(.text)
    PWM2_3_IRQHandler                        0x600024fb   Thumb Code     0  startup_mimxrt1052.o(.text)
    PWM2_FAULT_IRQHandler                    0x600024fb   Thumb Code     0  startup_mimxrt1052.o(.text)
    PWM3_0_IRQHandler                        0x600024fb   Thumb Code     0  startup_mimxrt1052.o(.text)
    PWM3_1_IRQHandler                        0x600024fb   Thumb Code     0  startup_mimxrt1052.o(.text)
    PWM3_2_IRQHandler                        0x600024fb   Thumb Code     0  startup_mimxrt1052.o(.text)
    PWM3_3_IRQHandler                        0x600024fb   Thumb Code     0  startup_mimxrt1052.o(.text)
    PWM3_FAULT_IRQHandler                    0x600024fb   Thumb Code     0  startup_mimxrt1052.o(.text)
    PWM4_0_IRQHandler                        0x600024fb   Thumb Code     0  startup_mimxrt1052.o(.text)
    PWM4_1_IRQHandler                        0x600024fb   Thumb Code     0  startup_mimxrt1052.o(.text)
    PWM4_2_IRQHandler                        0x600024fb   Thumb Code     0  startup_mimxrt1052.o(.text)
    PWM4_3_IRQHandler                        0x600024fb   Thumb Code     0  startup_mimxrt1052.o(.text)
    PWM4_FAULT_IRQHandler                    0x600024fb   Thumb Code     0  startup_mimxrt1052.o(.text)
    PXP_IRQHandler                           0x600024fb   Thumb Code     0  startup_mimxrt1052.o(.text)
    RTWDOG_IRQHandler                        0x600024fb   Thumb Code     0  startup_mimxrt1052.o(.text)
    Reserved115_IRQHandler                   0x600024fb   Thumb Code     0  startup_mimxrt1052.o(.text)
    Reserved123_IRQHandler                   0x600024fb   Thumb Code     0  startup_mimxrt1052.o(.text)
    Reserved143_IRQHandler                   0x600024fb   Thumb Code     0  startup_mimxrt1052.o(.text)
    Reserved144_IRQHandler                   0x600024fb   Thumb Code     0  startup_mimxrt1052.o(.text)
    Reserved168_IRQHandler                   0x600024fb   Thumb Code     0  startup_mimxrt1052.o(.text)
    Reserved169_IRQHandler                   0x600024fb   Thumb Code     0  startup_mimxrt1052.o(.text)
    Reserved170_IRQHandler                   0x600024fb   Thumb Code     0  startup_mimxrt1052.o(.text)
    Reserved171_IRQHandler                   0x600024fb   Thumb Code     0  startup_mimxrt1052.o(.text)
    Reserved172_IRQHandler                   0x600024fb   Thumb Code     0  startup_mimxrt1052.o(.text)
    Reserved173_IRQHandler                   0x600024fb   Thumb Code     0  startup_mimxrt1052.o(.text)
    Reserved68_IRQHandler                    0x600024fb   Thumb Code     0  startup_mimxrt1052.o(.text)
    Reserved86_IRQHandler                    0x600024fb   Thumb Code     0  startup_mimxrt1052.o(.text)
    Reserved87_IRQHandler                    0x600024fb   Thumb Code     0  startup_mimxrt1052.o(.text)
    SAI1_DriverIRQHandler                    0x600024fb   Thumb Code     0  startup_mimxrt1052.o(.text)
    SAI2_DriverIRQHandler                    0x600024fb   Thumb Code     0  startup_mimxrt1052.o(.text)
    SAI3_RX_DriverIRQHandler                 0x600024fb   Thumb Code     0  startup_mimxrt1052.o(.text)
    SAI3_TX_DriverIRQHandler                 0x600024fb   Thumb Code     0  startup_mimxrt1052.o(.text)
    SEMC_IRQHandler                          0x600024fb   Thumb Code     0  startup_mimxrt1052.o(.text)
    SJC_ARM_DEBUG_IRQHandler                 0x600024fb   Thumb Code     0  startup_mimxrt1052.o(.text)
    SJC_IRQHandler                           0x600024fb   Thumb Code     0  startup_mimxrt1052.o(.text)
    SNVS_HP_WRAPPER_IRQHandler               0x600024fb   Thumb Code     0  startup_mimxrt1052.o(.text)
    SNVS_HP_WRAPPER_TZ_IRQHandler            0x600024fb   Thumb Code     0  startup_mimxrt1052.o(.text)
    SNVS_LP_WRAPPER_IRQHandler               0x600024fb   Thumb Code     0  startup_mimxrt1052.o(.text)
    SPDIF_DriverIRQHandler                   0x600024fb   Thumb Code     0  startup_mimxrt1052.o(.text)
    SRC_IRQHandler                           0x600024fb   Thumb Code     0  startup_mimxrt1052.o(.text)
    TMR1_IRQHandler                          0x600024fb   Thumb Code     0  startup_mimxrt1052.o(.text)
    TMR2_IRQHandler                          0x600024fb   Thumb Code     0  startup_mimxrt1052.o(.text)
    TMR3_IRQHandler                          0x600024fb   Thumb Code     0  startup_mimxrt1052.o(.text)
    TMR4_IRQHandler                          0x600024fb   Thumb Code     0  startup_mimxrt1052.o(.text)
    TRNG_IRQHandler                          0x600024fb   Thumb Code     0  startup_mimxrt1052.o(.text)
    TSC_DIG_IRQHandler                       0x600024fb   Thumb Code     0  startup_mimxrt1052.o(.text)
    USB_OTG1_IRQHandler                      0x600024fb   Thumb Code     0  startup_mimxrt1052.o(.text)
    USB_OTG2_IRQHandler                      0x600024fb   Thumb Code     0  startup_mimxrt1052.o(.text)
    USB_PHY1_IRQHandler                      0x600024fb   Thumb Code     0  startup_mimxrt1052.o(.text)
    USB_PHY2_IRQHandler                      0x600024fb   Thumb Code     0  startup_mimxrt1052.o(.text)
    USDHC1_DriverIRQHandler                  0x600024fb   Thumb Code     0  startup_mimxrt1052.o(.text)
    USDHC2_DriverIRQHandler                  0x600024fb   Thumb Code     0  startup_mimxrt1052.o(.text)
    WDOG1_IRQHandler                         0x600024fb   Thumb Code     0  startup_mimxrt1052.o(.text)
    WDOG2_IRQHandler                         0x600024fb   Thumb Code     0  startup_mimxrt1052.o(.text)
    XBAR1_IRQ_0_1_IRQHandler                 0x600024fb   Thumb Code     0  startup_mimxrt1052.o(.text)
    XBAR1_IRQ_2_3_IRQHandler                 0x600024fb   Thumb Code     0  startup_mimxrt1052.o(.text)
    __aeabi_uldivmod                         0x600025d1   Thumb Code    98  uldiv.o(.text)
    __aeabi_ldivmod                          0x60002633   Thumb Code    98  ldiv.o(.text)
    ___aeabi_memcpy8$move                    0x60002695   Thumb Code     0  memmovea.o(.text)
    __aeabi_memcpy                           0x60002695   Thumb Code    64  memmovea.o(.text)
    __aeabi_memcpy4                          0x60002695   Thumb Code     0  memmovea.o(.text)
    __aeabi_memmove                          0x60002695   Thumb Code     0  memmovea.o(.text)
    __aeabi_memmove4                         0x60002695   Thumb Code     0  memmovea.o(.text)
    __aeabi_memmove8                         0x60002695   Thumb Code     0  memmovea.o(.text)
    __aeabi_memset                           0x600026d5   Thumb Code    14  memseta.o(.text)
    __aeabi_memset4                          0x600026d5   Thumb Code     0  memseta.o(.text)
    __aeabi_memset8                          0x600026d5   Thumb Code     0  memseta.o(.text)
    __aeabi_memclr                           0x600026e3   Thumb Code     4  memseta.o(.text)
    __aeabi_memclr4                          0x600026e3   Thumb Code     0  memseta.o(.text)
    __aeabi_memclr8                          0x600026e3   Thumb Code     0  memseta.o(.text)
    _memset$wrapper                          0x600026e7   Thumb Code    18  memseta.o(.text)
    strlen                                   0x600026f9   Thumb Code    14  strlen.o(.text)
    __aeabi_l2d                              0x60002707   Thumb Code    40  dfltl.o(.text)
    __aeabi_d2lz                             0x6000272f   Thumb Code    74  dfixl.o(.text)
    __aeabi_llsl                             0x60002779   Thumb Code    30  llshl.o(.text)
    _ll_shift_l                              0x60002779   Thumb Code     0  llshl.o(.text)
    __aeabi_llsr                             0x60002797   Thumb Code    32  llushr.o(.text)
    _ll_ushift_r                             0x60002797   Thumb Code     0  llushr.o(.text)
    __I$use$fp                               0x600027b7   Thumb Code     0  iusefp.o(.text)
    _double_round                            0x600027b7   Thumb Code    30  depilogue.o(.text)
    _double_epilogue                         0x600027d5   Thumb Code   156  depilogue.o(.text)
    __ARM_scalbn                             0x60002871   Thumb Code    46  dscalb.o(.text)
    scalbn                                   0x60002871   Thumb Code     0  dscalb.o(.text)
    __scatterload                            0x600028a1   Thumb Code    28  init.o(.text)
    __scatterload_rt2                        0x600028a1   Thumb Code     0  init.o(.text)
    BOARD_BootClockRUN                       0x600028c5   Thumb Code   580  clock_config.o(i.BOARD_BootClockRUN)
    BOARD_ConfigMPU                          0x60002b9d   Thumb Code   392  board.o(i.BOARD_ConfigMPU)
    BOARD_DebugConsoleSrcFreq                0x60002d51   Thumb Code    62  board.o(i.BOARD_DebugConsoleSrcFreq)
    BOARD_InitDebugConsole                   0x60002da9   Thumb Code    24  board.o(i.BOARD_InitDebugConsole)
    BOARD_InitPins                           0x60002dc5   Thumb Code    62  pin_mux.o(i.BOARD_InitPins)
    CLOCK_GetFreq                            0x60002e85   Thumb Code   218  fsl_clock.o(i.CLOCK_GetFreq)
    CLOCK_GetPllFreq                         0x60003029   Thumb Code   372  fsl_clock.o(i.CLOCK_GetPllFreq)
    CLOCK_GetSysPfdFreq                      0x600031b1   Thumb Code    80  fsl_clock.o(i.CLOCK_GetSysPfdFreq)
    CLOCK_GetUsb1PfdFreq                     0x60003209   Thumb Code    80  fsl_clock.o(i.CLOCK_GetUsb1PfdFreq)
    CLOCK_InitArmPll                         0x60003261   Thumb Code    22  fsl_clock.o(i.CLOCK_InitArmPll)
    CLOCK_InitSysPll                         0x6000327d   Thumb Code    22  fsl_clock.o(i.CLOCK_InitSysPll)
    CLOCK_InitVideoPll                       0x60003299   Thumb Code   112  fsl_clock.o(i.CLOCK_InitVideoPll)
    DbgConsole_Init                          0x6000361b   Thumb Code    22  fsl_debug_console.o(i.DbgConsole_Init)
    DbgConsole_Printf                        0x60003631   Thumb Code    40  fsl_debug_console.o(i.DbgConsole_Printf)
    ELCDIF_Reset                             0x600036ad   Thumb Code    44  fsl_elcdif.o(i.ELCDIF_Reset)
    ELCDIF_RgbModeInit                       0x600036d9   Thumb Code   182  fsl_elcdif.o(i.ELCDIF_RgbModeInit)
    GPIO_PinInit                             0x600037a1   Thumb Code   126  fsl_gpio.o(i.GPIO_PinInit)
    GPIO_PinSetInterruptConfig               0x60003829   Thumb Code   110  fsl_gpio.o(i.GPIO_PinSetInterruptConfig)
    GPIO_PinWrite                            0x60003897   Thumb Code    30  fsl_gpio.o(i.GPIO_PinWrite)
    IO_Init                                  0x60003909   Thumb Code    68  fsl_io.o(i.IO_Init)
    IO_Transfer                              0x60003951   Thumb Code    46  fsl_io.o(i.IO_Transfer)
    LCDIF_IRQHandler                         0x60003985   Thumb Code    30  bsp_lcd.o(i.LCDIF_IRQHandler)
    LCD_BackLight_ON                         0x600039b1   Thumb Code    20  bsp_lcd.o(i.LCD_BackLight_ON)
    LCD_Clear                                0x600039cd   Thumb Code    42  bsp_lcd.o(i.LCD_Clear)
    LCD_Init                                 0x60003c35   Thumb Code    64  bsp_lcd.o(i.LCD_Init)
    LCD_InitClock                            0x60003c81   Thumb Code    48  bsp_lcd.o(i.LCD_InitClock)
    LCD_InterruptConfig                      0x60003cc1   Thumb Code    18  bsp_lcd.o(i.LCD_InterruptConfig)
    LED_GPIO_Config                          0x60003cdd   Thumb Code   160  bsp_led.o(i.LED_GPIO_Config)
    LOG_Init                                 0x60003d89   Thumb Code    28  fsl_log.o(i.LOG_Init)
    LOG_Pop                                  0x60003da5   Thumb Code    22  fsl_log.o(i.LOG_Pop)
    LOG_Push                                 0x60003dbb   Thumb Code    16  fsl_log.o(i.LOG_Push)
    LPUART1_DriverIRQHandler                 0x60003dcd   Thumb Code    12  fsl_lpuart.o(i.LPUART1_DriverIRQHandler)
    LPUART2_DriverIRQHandler                 0x60003de5   Thumb Code    12  fsl_lpuart.o(i.LPUART2_DriverIRQHandler)
    LPUART3_DriverIRQHandler                 0x60003dfd   Thumb Code    12  fsl_lpuart.o(i.LPUART3_DriverIRQHandler)
    LPUART4_DriverIRQHandler                 0x60003e15   Thumb Code    12  fsl_lpuart.o(i.LPUART4_DriverIRQHandler)
    LPUART5_DriverIRQHandler                 0x60003e2d   Thumb Code    12  fsl_lpuart.o(i.LPUART5_DriverIRQHandler)
    LPUART6_DriverIRQHandler                 0x60003e45   Thumb Code    12  fsl_lpuart.o(i.LPUART6_DriverIRQHandler)
    LPUART7_DriverIRQHandler                 0x60003e5d   Thumb Code    12  fsl_lpuart.o(i.LPUART7_DriverIRQHandler)
    LPUART8_DriverIRQHandler                 0x60003e75   Thumb Code    12  fsl_lpuart.o(i.LPUART8_DriverIRQHandler)
    LPUART_ClearStatusFlags                  0x60003e8d   Thumb Code    74  fsl_lpuart.o(i.LPUART_ClearStatusFlags)
    LPUART_GetDefaultConfig                  0x60003edd   Thumb Code    46  fsl_lpuart.o(i.LPUART_GetDefaultConfig)
    LPUART_GetInstance                       0x60003f0d   Thumb Code    34  fsl_lpuart.o(i.LPUART_GetInstance)
    LPUART_GetStatusFlags                    0x60003f35   Thumb Code    14  fsl_lpuart.o(i.LPUART_GetStatusFlags)
    LPUART_Init                              0x60003f45   Thumb Code   424  fsl_lpuart.o(i.LPUART_Init)
    LPUART_ReadBlocking                      0x600040f9   Thumb Code   152  fsl_lpuart.o(i.LPUART_ReadBlocking)
    LPUART_WriteBlocking                     0x60004191   Thumb Code    26  fsl_lpuart.o(i.LPUART_WriteBlocking)
    StrFormatPrintf                          0x600041ad   Thumb Code  1242  fsl_str.o(i.StrFormatPrintf)
    SysTick_Handler                          0x600046b1   Thumb Code    42  bsp_systick.o(i.SysTick_Handler)
    SysTick_Init                             0x600046e5   Thumb Code    26  bsp_systick.o(i.SysTick_Init)
    SystemInit                               0x60004705   Thumb Code   222  system_mimxrt1052.o(i.SystemInit)
    SystemInitHook                           0x600047fd   Thumb Code     2  system_mimxrt1052.o(i.SystemInitHook)
    __ARM_fpclassify                         0x600047ff   Thumb Code    48  fpclassify.o(i.__ARM_fpclassify)
    __hardfp_modf                            0x60004831   Thumb Code   186  modf.o(i.__hardfp_modf)
    __hardfp_pow                             0x600048f1   Thumb Code  2140  pow.o(i.__hardfp_pow)
    __kernel_poly                            0x600051e9   Thumb Code   112  poly.o(i.__kernel_poly)
    __mathlib_dbl_divzero                    0x60005259   Thumb Code    14  dunder.o(i.__mathlib_dbl_divzero)
    __mathlib_dbl_infnan2                    0x60005279   Thumb Code     6  dunder.o(i.__mathlib_dbl_infnan2)
    __mathlib_dbl_invalid                    0x60005281   Thumb Code    10  dunder.o(i.__mathlib_dbl_invalid)
    __mathlib_dbl_overflow                   0x60005299   Thumb Code    10  dunder.o(i.__mathlib_dbl_overflow)
    __mathlib_dbl_underflow                  0x600052b1   Thumb Code    10  dunder.o(i.__mathlib_dbl_underflow)
    __scatterload_copy                       0x600052c9   Thumb Code    14  handlers.o(i.__scatterload_copy)
    __scatterload_null                       0x600052d7   Thumb Code     2  handlers.o(i.__scatterload_null)
    __scatterload_zeroinit                   0x600052d9   Thumb Code    14  handlers.o(i.__scatterload_zeroinit)
    __set_errno                              0x600052e9   Thumb Code     6  errno.o(i.__set_errno)
    fabs                                     0x600052f5   Thumb Code    24  fabs.o(i.fabs)
    main                                     0x6000530d   Thumb Code   198  main.o(i.main)
    sqrt                                     0x60005505   Thumb Code   106  sqrt.o(i.sqrt)
    armPllConfig_BOARD_BootClockRUN          0x600055f4   Data           4  clock_config.o(.constdata)
    sysPllConfig_BOARD_BootClockRUN          0x600055f8   Data          12  clock_config.o(.constdata)
    ASCII24x48_Table                         0x6000562c   Data       13680  fonts.o(.constdata)
    __mathlib_zero                           0x60008c28   Data           8  qnan.o(.constdata)
    Region$$Table$$Base                      0x60008c30   Number         0  anon$$obj.o(Region$$Table)
    Region$$Table$$Limit                     0x60008c60   Number         0  anon$$obj.o(Region$$Table)
    s_psBufferLcd                            0x81c00000   Data       1536000  bsp_lcd.o(.ARM.__AT_0x81C00000)



==============================================================================

Memory Map of the image

  Image Entry point : 0x60002401

  Load Region LR_m_rom_config (Base: 0x60000000, Size: 0x00000200, Max: 0x00001000, ABSOLUTE)

    Execution Region RW_m_config_text (Exec base: 0x60000000, Load base: 0x60000000, Size: 0x00000200, Max: 0x00001000, ABSOLUTE)

    Exec Addr    Load Addr    Size         Type   Attr      Idx    E Section Name        Object

    0x60000000   0x60000000   0x00000200   Data   RO         1755    .boot_hdr.conf      fire_imxrt1052_spiflash_config.o



  Load Region LR_m_rom_ivt (Base: 0x60001000, Size: 0x00000460, Max: 0x00001000, ABSOLUTE)

    Execution Region RW_m_ivt_text (Exec base: 0x60001000, Load base: 0x60001000, Size: 0x00000460, Max: 0x00001000, ABSOLUTE)

    Exec Addr    Load Addr    Size         Type   Attr      Idx    E Section Name        Object

    0x60001000   0x60001000   0x00000020   Data   RO         1780    .boot_hdr.ivt       fsl_flexspi_nor_boot.o
    0x60001020   0x60001020   0x00000010   Data   RO         1779    .boot_hdr.boot_data  fsl_flexspi_nor_boot.o
    0x60001030   0x60001030   0x00000430   Data   RO         1740    .boot_hdr.dcd_data  fire_imxrt1052_sdram_ini_dcd.o



  Load Region LR_m_text (Base: 0x60002000, Size: 0x00006ccc, Max: 0x61fffc00, ABSOLUTE)

    Execution Region RW_m_data (Exec base: 0x20000000, Load base: 0x60008c60, Size: 0x00000090, Max: 0x0001f800, ABSOLUTE)

    Exec Addr    Load Addr    Size         Type   Attr      Idx    E Section Name        Object

    0x20000000   0x60008c60   0x00000004   Data   RW            9    .data               system_mimxrt1052.o
    0x20000004   0x60008c64   0x00000004   Data   RW          120    .data               fsl_clock.o
    0x20000008   0x60008c68   0x00000004   Data   RW          121    .data               fsl_clock.o
    0x2000000c   0x60008c6c   0x00000004   Data   RW          429    .data               fsl_lpuart.o
    0x20000010   0x60008c70   0x00000028   Data   RW          674    .data               fsl_elcdif.o
    0x20000038   0x60008c98   0x00000008   Data   RW         1119    .data               fsl_io.o
    0x20000040   0x60008ca0   0x00000014   Data   RW         1436    .data               bsp_lcd.o
    0x20000054   0x60008cb4   0x00000008   Data   RW         1616    .data               fonts.o
    0x2000005c   0x60008cbc   0x0000000c   Data   RW         1688    .data               bsp_systick.o
    0x20000068   0x60008cc8   0x00000004   Data   RW         2207    .data               mc_w.l(errno.o)
    0x2000006c        -       0x00000024   Zero   RW          427    .bss                fsl_lpuart.o


    Execution Region ARM_LIB_HEAP (Exec base: 0x20000090, Load base: 0x60008ccc, Size: 0x00000400, Max: 0x00000400, ABSOLUTE)

    Exec Addr    Load Addr    Size         Type   Attr      Idx    E Section Name        Object

    0x20000090        -       0x00000400   Zero   RW            1    ARM_LIB_HEAP.bss    anon$$obj.o


    Execution Region ARM_LIB_STACK (Exec base: 0x2001fc00, Load base: 0x60008ccc, Size: 0x00000400, Max: 0x00000400, ABSOLUTE)

    Exec Addr    Load Addr    Size         Type   Attr      Idx    E Section Name        Object

    0x2001fc00        -       0x00000400   Zero   RW            2    ARM_LIB_STACK.bss   anon$$obj.o


    Execution Region VECTOR_ROM (Exec base: 0x60002000, Load base: 0x60002000, Size: 0x00000400, Max: 0x00000400, ABSOLUTE)

    Exec Addr    Load Addr    Size         Type   Attr      Idx    E Section Name        Object

    0x60002000   0x60002000   0x00000400   Data   RO           76    RESET               startup_mimxrt1052.o


    Execution Region ER_m_text (Exec base: 0x60002400, Load base: 0x60002400, Size: 0x00006860, Max: 0x01ffdc00, ABSOLUTE)

    Exec Addr    Load Addr    Size         Type   Attr      Idx    E Section Name        Object

    0x60002400   0x60002400   0x00000000   Code   RO         1828  * .ARM.Collect$$$$00000000  mc_w.l(entry.o)
    0x60002400   0x60002400   0x00000004   Code   RO         2179    .ARM.Collect$$$$00000003  mc_w.l(entry4.o)
    0x60002404   0x60002404   0x00000004   Code   RO         2182    .ARM.Collect$$$$00000004  mc_w.l(entry5.o)
    0x60002408   0x60002408   0x00000000   Code   RO         2184    .ARM.Collect$$$$00000008  mc_w.l(entry7b.o)
    0x60002408   0x60002408   0x00000000   Code   RO         2186    .ARM.Collect$$$$0000000A  mc_w.l(entry8b.o)
    0x60002408   0x60002408   0x00000008   Code   RO         2187    .ARM.Collect$$$$0000000B  mc_w.l(entry9a.o)
    0x60002410   0x60002410   0x00000000   Code   RO         2189    .ARM.Collect$$$$0000000D  mc_w.l(entry10a.o)
    0x60002410   0x60002410   0x00000000   Code   RO         2191    .ARM.Collect$$$$0000000F  mc_w.l(entry11a.o)
    0x60002410   0x60002410   0x00000004   Code   RO         2180    .ARM.Collect$$$$00002714  mc_w.l(entry4.o)
    0x60002414   0x60002414   0x000001bc   Code   RO           77    .text               startup_mimxrt1052.o
    0x600025d0   0x600025d0   0x00000062   Code   RO         1831    .text               mc_w.l(uldiv.o)
    0x60002632   0x60002632   0x00000062   Code   RO         1833    .text               mc_w.l(ldiv.o)
    0x60002694   0x60002694   0x00000040   Code   RO         1839    .text               mc_w.l(memmovea.o)
    0x600026d4   0x600026d4   0x00000024   Code   RO         1841    .text               mc_w.l(memseta.o)
    0x600026f8   0x600026f8   0x0000000e   Code   RO         1843    .text               mc_w.l(strlen.o)
    0x60002706   0x60002706   0x00000028   Code   RO         2138    .text               mf_w.l(dfltl.o)
    0x6000272e   0x6000272e   0x0000004a   Code   RO         2140    .text               mf_w.l(dfixl.o)
    0x60002778   0x60002778   0x0000001e   Code   RO         2198    .text               mc_w.l(llshl.o)
    0x60002796   0x60002796   0x00000020   Code   RO         2200    .text               mc_w.l(llushr.o)
    0x600027b6   0x600027b6   0x00000000   Code   RO         2213    .text               mc_w.l(iusefp.o)
    0x600027b6   0x600027b6   0x000000ba   Code   RO         2214    .text               mf_w.l(depilogue.o)
    0x60002870   0x60002870   0x0000002e   Code   RO         2222    .text               mf_w.l(dscalb.o)
    0x6000289e   0x6000289e   0x00000002   PAD
    0x600028a0   0x600028a0   0x00000024   Code   RO         2228    .text               mc_w.l(init.o)
    0x600028c4   0x600028c4   0x000002d8   Code   RO         1227    i.BOARD_BootClockRUN  clock_config.o
    0x60002b9c   0x60002b9c   0x000001b4   Code   RO         1165    i.BOARD_ConfigMPU   board.o
    0x60002d50   0x60002d50   0x00000058   Code   RO         1166    i.BOARD_DebugConsoleSrcFreq  board.o
    0x60002da8   0x60002da8   0x0000001c   Code   RO         1167    i.BOARD_InitDebugConsole  board.o
    0x60002dc4   0x60002dc4   0x0000004c   Code   RO         1280    i.BOARD_InitPins    pin_mux.o
    0x60002e10   0x60002e10   0x0000002c   Code   RO          392    i.CLOCK_ControlGate  fsl_lpuart.o
    0x60002e3c   0x60002e3c   0x0000002c   Code   RO          665    i.CLOCK_ControlGate  fsl_elcdif.o
    0x60002e68   0x60002e68   0x0000001c   Code   RO         1168    i.CLOCK_GetDiv      board.o
    0x60002e84   0x60002e84   0x000000f8   Code   RO          101    i.CLOCK_GetFreq     fsl_clock.o
    0x60002f7c   0x60002f7c   0x00000020   Code   RO          102    i.CLOCK_GetOscFreq  fsl_clock.o
    0x60002f9c   0x60002f9c   0x0000008c   Code   RO          103    i.CLOCK_GetPeriphClkFreq  fsl_clock.o
    0x60003028   0x60003028   0x00000188   Code   RO          104    i.CLOCK_GetPllFreq  fsl_clock.o
    0x600031b0   0x600031b0   0x00000058   Code   RO          105    i.CLOCK_GetSysPfdFreq  fsl_clock.o
    0x60003208   0x60003208   0x00000058   Code   RO          106    i.CLOCK_GetUsb1PfdFreq  fsl_clock.o
    0x60003260   0x60003260   0x0000001c   Code   RO          107    i.CLOCK_InitArmPll  fsl_clock.o
    0x6000327c   0x6000327c   0x0000001c   Code   RO          113    i.CLOCK_InitSysPll  fsl_clock.o
    0x60003298   0x60003298   0x00000074   Code   RO          117    i.CLOCK_InitVideoPll  fsl_clock.o
    0x6000330c   0x6000330c   0x0000004c   Code   RO         1229    i.CLOCK_SetDiv      clock_config.o
    0x60003358   0x60003358   0x0000004c   Code   RO         1404    i.CLOCK_SetDiv      bsp_lcd.o
    0x600033a4   0x600033a4   0x0000004c   Code   RO         1230    i.CLOCK_SetMux      clock_config.o
    0x600033f0   0x600033f0   0x00000158   Code   RO          993    i.ConvertFloatRadixNumToString  fsl_str.o
    0x60003548   0x60003548   0x000000d2   Code   RO          994    i.ConvertRadixNumToString  fsl_str.o
    0x6000361a   0x6000361a   0x00000016   Code   RO          897    i.DbgConsole_Init   fsl_debug_console.o
    0x60003630   0x60003630   0x0000002c   Code   RO          898    i.DbgConsole_Printf  fsl_debug_console.o
    0x6000365c   0x6000365c   0x00000038   Code   RO          900    i.DbgConsole_RelocateLog  fsl_debug_console.o
    0x60003694   0x60003694   0x00000018   Code   RO          667    i.ELCDIF_GetInstance  fsl_elcdif.o
    0x600036ac   0x600036ac   0x0000002c   Code   RO          668    i.ELCDIF_Reset      fsl_elcdif.o
    0x600036d8   0x600036d8   0x000000c8   Code   RO          670    i.ELCDIF_RgbModeInit  fsl_elcdif.o
    0x600037a0   0x600037a0   0x00000088   Code   RO          347    i.GPIO_PinInit      fsl_gpio.o
    0x60003828   0x60003828   0x0000006e   Code   RO          348    i.GPIO_PinSetInterruptConfig  fsl_gpio.o
    0x60003896   0x60003896   0x0000001e   Code   RO          349    i.GPIO_PinWrite     fsl_gpio.o
    0x600038b4   0x600038b4   0x0000001c   Code   RO         1281    i.IOMUXC_SetPinMux  pin_mux.o
    0x600038d0   0x600038d0   0x0000001c   Code   RO         1372    i.IOMUXC_SetPinMux  bsp_led.o
    0x600038ec   0x600038ec   0x0000001c   Code   RO         1405    i.IOMUXC_SetPinMux  bsp_lcd.o
    0x60003908   0x60003908   0x00000048   Code   RO         1116    i.IO_Init           fsl_io.o
    0x60003950   0x60003950   0x00000034   Code   RO         1117    i.IO_Transfer       fsl_io.o
    0x60003984   0x60003984   0x0000002c   Code   RO         1406    i.LCDIF_IRQHandler  bsp_lcd.o
    0x600039b0   0x600039b0   0x0000001c   Code   RO         1407    i.LCD_BackLight_ON  bsp_lcd.o
    0x600039cc   0x600039cc   0x00000030   Code   RO         1408    i.LCD_Clear         bsp_lcd.o
    0x600039fc   0x600039fc   0x000001d8   Code   RO         1421    i.LCD_IOMUXC_MUX_Config  bsp_lcd.o
    0x60003bd4   0x60003bd4   0x00000060   Code   RO         1422    i.LCD_IOMUXC_PAD_Config  bsp_lcd.o
    0x60003c34   0x60003c34   0x0000004c   Code   RO         1423    i.LCD_Init          bsp_lcd.o
    0x60003c80   0x60003c80   0x00000040   Code   RO         1424    i.LCD_InitClock     bsp_lcd.o
    0x60003cc0   0x60003cc0   0x0000001c   Code   RO         1425    i.LCD_InterruptConfig  bsp_lcd.o
    0x60003cdc   0x60003cdc   0x000000ac   Code   RO         1373    i.LED_GPIO_Config   bsp_led.o
    0x60003d88   0x60003d88   0x0000001c   Code   RO         1048    i.LOG_Init          fsl_log.o
    0x60003da4   0x60003da4   0x00000016   Code   RO         1049    i.LOG_Pop           fsl_log.o
    0x60003dba   0x60003dba   0x00000010   Code   RO         1050    i.LOG_Push          fsl_log.o
    0x60003dca   0x60003dca   0x00000002   PAD
    0x60003dcc   0x60003dcc   0x00000018   Code   RO          393    i.LPUART1_DriverIRQHandler  fsl_lpuart.o
    0x60003de4   0x60003de4   0x00000018   Code   RO          394    i.LPUART2_DriverIRQHandler  fsl_lpuart.o
    0x60003dfc   0x60003dfc   0x00000018   Code   RO          395    i.LPUART3_DriverIRQHandler  fsl_lpuart.o
    0x60003e14   0x60003e14   0x00000018   Code   RO          396    i.LPUART4_DriverIRQHandler  fsl_lpuart.o
    0x60003e2c   0x60003e2c   0x00000018   Code   RO          397    i.LPUART5_DriverIRQHandler  fsl_lpuart.o
    0x60003e44   0x60003e44   0x00000018   Code   RO          398    i.LPUART6_DriverIRQHandler  fsl_lpuart.o
    0x60003e5c   0x60003e5c   0x00000018   Code   RO          399    i.LPUART7_DriverIRQHandler  fsl_lpuart.o
    0x60003e74   0x60003e74   0x00000018   Code   RO          400    i.LPUART8_DriverIRQHandler  fsl_lpuart.o
    0x60003e8c   0x60003e8c   0x00000050   Code   RO          401    i.LPUART_ClearStatusFlags  fsl_lpuart.o
    0x60003edc   0x60003edc   0x0000002e   Code   RO          405    i.LPUART_GetDefaultConfig  fsl_lpuart.o
    0x60003f0a   0x60003f0a   0x00000002   PAD
    0x60003f0c   0x60003f0c   0x00000028   Code   RO          407    i.LPUART_GetInstance  fsl_lpuart.o
    0x60003f34   0x60003f34   0x0000000e   Code   RO          408    i.LPUART_GetStatusFlags  fsl_lpuart.o
    0x60003f42   0x60003f42   0x00000002   PAD
    0x60003f44   0x60003f44   0x000001b4   Code   RO          409    i.LPUART_Init       fsl_lpuart.o
    0x600040f8   0x600040f8   0x00000098   Code   RO          410    i.LPUART_ReadBlocking  fsl_lpuart.o
    0x60004190   0x60004190   0x0000001a   Code   RO          426    i.LPUART_WriteBlocking  fsl_lpuart.o
    0x600041aa   0x600041aa   0x00000002   PAD
    0x600041ac   0x600041ac   0x000004da   Code   RO          996    i.StrFormatPrintf   fsl_str.o
    0x60004686   0x60004686   0x00000002   PAD
    0x60004688   0x60004688   0x00000028   Code   RO         1683    i.SysTick_Config    bsp_systick.o
    0x600046b0   0x600046b0   0x00000034   Code   RO         1686    i.SysTick_Handler   bsp_systick.o
    0x600046e4   0x600046e4   0x00000020   Code   RO         1687    i.SysTick_Init      bsp_systick.o
    0x60004704   0x60004704   0x000000f8   Code   RO            7    i.SystemInit        system_mimxrt1052.o
    0x600047fc   0x600047fc   0x00000002   Code   RO            8    i.SystemInitHook    system_mimxrt1052.o
    0x600047fe   0x600047fe   0x00000030   Code   RO         2162    i.__ARM_fpclassify  m_wv.l(fpclassify.o)
    0x6000482e   0x6000482e   0x00000002   PAD
    0x60004830   0x60004830   0x000000c0   Code   RO         1802    i.__hardfp_modf     m_wv.l(modf.o)
    0x600048f0   0x600048f0   0x000008f8   Code   RO         1808    i.__hardfp_pow      m_wv.l(pow.o)
    0x600051e8   0x600051e8   0x00000070   Code   RO         2164    i.__kernel_poly     m_wv.l(poly.o)
    0x60005258   0x60005258   0x00000020   Code   RO         2142    i.__mathlib_dbl_divzero  m_wv.l(dunder.o)
    0x60005278   0x60005278   0x00000006   Code   RO         2144    i.__mathlib_dbl_infnan2  m_wv.l(dunder.o)
    0x6000527e   0x6000527e   0x00000002   PAD
    0x60005280   0x60005280   0x00000018   Code   RO         2145    i.__mathlib_dbl_invalid  m_wv.l(dunder.o)
    0x60005298   0x60005298   0x00000018   Code   RO         2146    i.__mathlib_dbl_overflow  m_wv.l(dunder.o)
    0x600052b0   0x600052b0   0x00000018   Code   RO         2148    i.__mathlib_dbl_underflow  m_wv.l(dunder.o)
    0x600052c8   0x600052c8   0x0000000e   Code   RO         2253    i.__scatterload_copy  mc_w.l(handlers.o)
    0x600052d6   0x600052d6   0x00000002   Code   RO         2254    i.__scatterload_null  mc_w.l(handlers.o)
    0x600052d8   0x600052d8   0x0000000e   Code   RO         2255    i.__scatterload_zeroinit  mc_w.l(handlers.o)
    0x600052e6   0x600052e6   0x00000002   PAD
    0x600052e8   0x600052e8   0x0000000c   Code   RO         2206    i.__set_errno       mc_w.l(errno.o)
    0x600052f4   0x600052f4   0x00000018   Code   RO         2158    i.fabs              m_wv.l(fabs.o)
    0x6000530c   0x6000530c   0x000001f8   Code   RO         1320    i.main              main.o
    0x60005504   0x60005504   0x0000006a   Code   RO         2169    i.sqrt              m_wv.l(sqrt.o)
    0x6000556e   0x6000556e   0x00000002   PAD
    0x60005570   0x60005570   0x00000010   Data   RO          119    .constdata          fsl_clock.o
    0x60005580   0x60005580   0x00000024   Data   RO          350    .constdata          fsl_gpio.o
    0x600055a4   0x600055a4   0x00000048   Data   RO          428    .constdata          fsl_lpuart.o
    0x600055ec   0x600055ec   0x00000008   Data   RO          673    .constdata          fsl_elcdif.o
    0x600055f4   0x600055f4   0x00000010   Data   RO         1231    .constdata          clock_config.o
    0x60005604   0x60005604   0x00000028   Data   RO         1435    .constdata          bsp_lcd.o
    0x6000562c   0x6000562c   0x00003570   Data   RO         1613    .constdata          fonts.o
    0x60008b9c   0x60008b9c   0x00000004   PAD
    0x60008ba0   0x60008ba0   0x00000088   Data   RO         1811    .constdata          m_wv.l(pow.o)
    0x60008c28   0x60008c28   0x00000008   Data   RO         2166    .constdata          m_wv.l(qnan.o)
    0x60008c30   0x60008c30   0x00000030   Data   RO         2251    Region$$Table       anon$$obj.o


    Execution Region RW_m_ncache (Exec base: 0x81c00000, Load base: 0x60008ccc, Size: 0x00177000, Max: 0x00400000, ABSOLUTE)

    Exec Addr    Load Addr    Size         Type   Attr      Idx    E Section Name        Object

    0x81c00000        -       0x00177000   Zero   RW         1434    .ARM.__AT_0x81C00000  bsp_lcd.o


==============================================================================

Image component sizes


      Code (inc. data)   RO Data    RW Data    ZI Data      Debug   Object Name

       580         78          0          0          0      52705   board.o
       960         84         40         20    1536000      24679   bsp_lcd.o
       200         12          0          0          0       2298   bsp_led.o
       124         20          0         12          0      37062   bsp_systick.o
       880        160         16          0          0      13187   clock_config.o
         0          0       1072          0          0        687   fire_imxrt1052_sdram_ini_dcd.o
         0          0        512          0          0       5910   fire_imxrt1052_spiflash_config.o
         0          0      13680          8          0       1381   fonts.o
      1160        130         16          8          0    1369756   fsl_clock.o
       122          4          0          0          0       3570   fsl_debug_console.o
       312         28          8         40          0       7507   fsl_elcdif.o
         0          0         48          0          0       2274   fsl_flexspi_nor_boot.o
       276         16         36          0          0      15683   fsl_gpio.o
       124         10          0          8          0       7088   fsl_io.o
        66          0          0          0          0       3428   fsl_log.o
      1030        126         72          4         36      65390   fsl_lpuart.o
      1796          0          0          0          0       6366   fsl_str.o
       504        306          0          0          0       1166   main.o
       104         14          0          0          0      70193   pin_mux.o
       444        210       1024          0          0       3100   startup_mimxrt1052.o
       250         26          0          4          0    1390351   system_mimxrt1052.o

    ----------------------------------------------------------------------
      8942       1224      16576        104    1538084    3083781   Object Totals
         0          0         48          0       2048          0   (incl. Generated)
        10          0          4          0          0          0   (incl. Padding)

    ----------------------------------------------------------------------

      Code (inc. data)   RO Data    RW Data    ZI Data      Debug   Library Member Name

       110         60          0          0          0        580   dunder.o
        24          0          0          0          0        124   fabs.o
        48          0          0          0          0        124   fpclassify.o
       192          6          0          0          0        176   modf.o
       112          0          0          0          0        116   poly.o
      2296        304        136          0          0        320   pow.o
         0          0          8          0          0          0   qnan.o
       106          0          0          0          0        140   sqrt.o
         0          0          0          0          0          0   entry.o
         0          0          0          0          0          0   entry10a.o
         0          0          0          0          0          0   entry11a.o
         8          4          0          0          0          0   entry4.o
         4          0          0          0          0          0   entry5.o
         0          0          0          0          0          0   entry7b.o
         0          0          0          0          0          0   entry8b.o
         8          4          0          0          0          0   entry9a.o
        12          6          0          4          0         68   errno.o
        30          0          0          0          0          0   handlers.o
        36          8          0          0          0         68   init.o
         0          0          0          0          0          0   iusefp.o
        98          0          0          0          0         84   ldiv.o
        30          0          0          0          0         68   llshl.o
        32          0          0          0          0         68   llushr.o
        64          0          0          0          0         76   memmovea.o
        36          0          0          0          0        108   memseta.o
        14          0          0          0          0         68   strlen.o
        98          0          0          0          0         92   uldiv.o
       186          0          0          0          0        176   depilogue.o
        74          0          0          0          0         80   dfixl.o
        40          0          0          0          0         80   dfltl.o
        46          0          0          0          0         80   dscalb.o

    ----------------------------------------------------------------------
      3714        392        144          4          0       2696   Library Totals
        10          0          0          0          0          0   (incl. Padding)

    ----------------------------------------------------------------------

      Code (inc. data)   RO Data    RW Data    ZI Data      Debug   Library Name

      2888        370        144          0          0       1580   m_wv.l
       470         22          0          4          0        700   mc_w.l
       346          0          0          0          0        416   mf_w.l

    ----------------------------------------------------------------------
      3714        392        144          4          0       2696   Library Totals

    ----------------------------------------------------------------------

==============================================================================


      Code (inc. data)   RO Data    RW Data    ZI Data      Debug   

     12656       1616      16720        108    1538084    3078613   Grand Totals
     12656       1616      16720        108    1538084    3078613   ELF Image Totals
     12656       1616      16720        108          0          0   ROM Totals

==============================================================================

    Total RO  Size (Code + RO Data)                29376 (  28.69kB)
    Total RW  Size (RW Data + ZI Data)           1538192 (1502.14kB)
    Total ROM Size (Code + RO Data + RW Data)      29484 (  28.79kB)

==============================================================================

